Component: Arm Compiler for Embedded 6.23 Tool: armlink [5f102400]

==============================================================================

Section Cross References

    startup_stm32f103xe.o(RESET) refers to startup_stm32f103xe.o(STACK) for __initial_sp
    startup_stm32f103xe.o(RESET) refers to startup_stm32f103xe.o(.text) for Reset_Handler
    startup_stm32f103xe.o(RESET) refers to stm32f1xx_it.o(.text.NMI_Handler) for NMI_Handler
    startup_stm32f103xe.o(RESET) refers to stm32f1xx_it.o(.text.HardFault_Handler) for HardFault_Handler
    startup_stm32f103xe.o(RESET) refers to stm32f1xx_it.o(.text.MemManage_Handler) for MemManage_Handler
    startup_stm32f103xe.o(RESET) refers to stm32f1xx_it.o(.text.BusFault_Handler) for BusFault_Handler
    startup_stm32f103xe.o(RESET) refers to stm32f1xx_it.o(.text.UsageFault_Handler) for UsageFault_Handler
    startup_stm32f103xe.o(RESET) refers to stm32f1xx_it.o(.text.SVC_Handler) for SVC_Handler
    startup_stm32f103xe.o(RESET) refers to stm32f1xx_it.o(.text.DebugMon_Handler) for DebugMon_Handler
    startup_stm32f103xe.o(RESET) refers to stm32f1xx_it.o(.text.PendSV_Handler) for PendSV_Handler
    startup_stm32f103xe.o(RESET) refers to stm32f1xx_it.o(.text.SysTick_Handler) for SysTick_Handler
    startup_stm32f103xe.o(RESET) refers to stm32f1xx_it.o(.text.EXTI0_IRQHandler) for EXTI0_IRQHandler
    startup_stm32f103xe.o(RESET) refers to stm32f1xx_it.o(.text.EXTI3_IRQHandler) for EXTI3_IRQHandler
    startup_stm32f103xe.o(RESET) refers to stm32f1xx_it.o(.text.EXTI4_IRQHandler) for EXTI4_IRQHandler
    startup_stm32f103xe.o(RESET) refers to stm32f1xx_it.o(.text.DMA1_Channel6_IRQHandler) for DMA1_Channel6_IRQHandler
    startup_stm32f103xe.o(RESET) refers to stm32f1xx_it.o(.text.USB_LP_CAN1_RX0_IRQHandler) for USB_LP_CAN1_RX0_IRQHandler
    startup_stm32f103xe.o(RESET) refers to main.o(.text.USART2_IRQHandler) for USART2_IRQHandler
    startup_stm32f103xe.o(.text) refers to system_stm32f1xx.o(.text.SystemInit) for SystemInit
    startup_stm32f103xe.o(.text) refers to entry.o(.ARM.Collect$$$$00000000) for __main
    lcd_i2c.o(.text.LCD_SendCommand) refers to lcd_i2c.o(.data.backlight_state) for backlight_state
    lcd_i2c.o(.text.LCD_SendCommand) refers to lcd_i2c.o(.bss.hi2c_dev) for hi2c_dev
    lcd_i2c.o(.text.LCD_SendCommand) refers to stm32f1xx_hal_i2c.o(.text.HAL_I2C_Master_Transmit) for HAL_I2C_Master_Transmit
    lcd_i2c.o(.text.LCD_SendCommand) refers to stm32f1xx_hal.o(.text.HAL_Delay) for HAL_Delay
    lcd_i2c.o(.ARM.exidx.text.LCD_SendCommand) refers to lcd_i2c.o(.text.LCD_SendCommand) for [Anonymous Symbol]
    lcd_i2c.o(.text.LCD_Init) refers to lcd_i2c.o(.bss.hi2c_dev) for hi2c_dev
    lcd_i2c.o(.text.LCD_Init) refers to stm32f1xx_hal.o(.text.HAL_Delay) for HAL_Delay
    lcd_i2c.o(.text.LCD_Init) refers to lcd_i2c.o(.data.backlight_state) for backlight_state
    lcd_i2c.o(.text.LCD_Init) refers to stm32f1xx_hal_i2c.o(.text.HAL_I2C_Master_Transmit) for HAL_I2C_Master_Transmit
    lcd_i2c.o(.text.LCD_Init) refers to lcd_i2c.o(.text.LCD_SendCommand) for LCD_SendCommand
    lcd_i2c.o(.ARM.exidx.text.LCD_Init) refers to lcd_i2c.o(.text.LCD_Init) for [Anonymous Symbol]
    lcd_i2c.o(.text.LCD_Clear) refers to lcd_i2c.o(.text.LCD_SendCommand) for LCD_SendCommand
    lcd_i2c.o(.text.LCD_Clear) refers to stm32f1xx_hal.o(.text.HAL_Delay) for HAL_Delay
    lcd_i2c.o(.ARM.exidx.text.LCD_Clear) refers to lcd_i2c.o(.text.LCD_Clear) for [Anonymous Symbol]
    lcd_i2c.o(.text.LCD_WriteChar) refers to lcd_i2c.o(.data.backlight_state) for backlight_state
    lcd_i2c.o(.text.LCD_WriteChar) refers to lcd_i2c.o(.bss.hi2c_dev) for hi2c_dev
    lcd_i2c.o(.text.LCD_WriteChar) refers to stm32f1xx_hal_i2c.o(.text.HAL_I2C_Master_Transmit) for HAL_I2C_Master_Transmit
    lcd_i2c.o(.text.LCD_WriteChar) refers to stm32f1xx_hal.o(.text.HAL_Delay) for HAL_Delay
    lcd_i2c.o(.ARM.exidx.text.LCD_WriteChar) refers to lcd_i2c.o(.text.LCD_WriteChar) for [Anonymous Symbol]
    lcd_i2c.o(.text.LCD_WriteString) refers to lcd_i2c.o(.text.LCD_WriteChar) for LCD_WriteChar
    lcd_i2c.o(.ARM.exidx.text.LCD_WriteString) refers to lcd_i2c.o(.text.LCD_WriteString) for [Anonymous Symbol]
    lcd_i2c.o(.text.LCD_SetCursor) refers to lcd_i2c.o(.text.LCD_SendCommand) for LCD_SendCommand
    lcd_i2c.o(.ARM.exidx.text.LCD_SetCursor) refers to lcd_i2c.o(.text.LCD_SetCursor) for [Anonymous Symbol]
    lcd_i2c.o(.text.LCD_Backlight) refers to lcd_i2c.o(.data.backlight_state) for backlight_state
    lcd_i2c.o(.text.LCD_Backlight) refers to lcd_i2c.o(.text.LCD_SendCommand) for LCD_SendCommand
    lcd_i2c.o(.ARM.exidx.text.LCD_Backlight) refers to lcd_i2c.o(.text.LCD_Backlight) for [Anonymous Symbol]
    lcd_i2c.o(.text.LCD_CreateCustomChar) refers to lcd_i2c.o(.text.LCD_SendCommand) for LCD_SendCommand
    lcd_i2c.o(.text.LCD_CreateCustomChar) refers to lcd_i2c.o(.text.LCD_WriteChar) for LCD_WriteChar
[...]
    [Anonymous Symbol]                       0x08004938   Section        0  usbd_core.o(.text.USBD_LL_DataInStage)
    [Anonymous Symbol]                       0x08004a04   Section        0  usbd_core.o(.text.USBD_LL_DataOutStage)
    [Anonymous Symbol]                       0x08004a80   Section        0  usbd_conf.o(.text.USBD_LL_GetRxDataSize)
    [Anonymous Symbol]                       0x08004a88   Section        0  usbd_conf.o(.text.USBD_LL_Init)
    [Anonymous Symbol]                       0x08004b10   Section        0  usbd_conf.o(.text.USBD_LL_IsStallEP)
    [Anonymous Symbol]                       0x08004b3c   Section        0  usbd_conf.o(.text.USBD_LL_OpenEP)
    [Anonymous Symbol]                       0x08004b64   Section        0  usbd_conf.o(.text.USBD_LL_PrepareReceive)
    [Anonymous Symbol]                       0x08004b88   Section        0  usbd_core.o(.text.USBD_LL_Reset)
    [Anonymous Symbol]                       0x08004bdc   Section        0  usbd_core.o(.text.USBD_LL_Resume)
    [Anonymous Symbol]                       0x08004bf0   Section        0  usbd_core.o(.text.USBD_LL_SOF)
    [Anonymous Symbol]                       0x08004c0c   Section        0  usbd_core.o(.text.USBD_LL_SetSpeed)
    [Anonymous Symbol]                       0x08004c14   Section        0  usbd_conf.o(.text.USBD_LL_SetUSBAddress)
    [Anonymous Symbol]                       0x08004c38   Section        0  usbd_core.o(.text.USBD_LL_SetupStage)
    [Anonymous Symbol]                       0x08004c94   Section        0  usbd_conf.o(.text.USBD_LL_StallEP)
    [Anonymous Symbol]                       0x08004cb8   Section        0  usbd_conf.o(.text.USBD_LL_Start)
    [Anonymous Symbol]                       0x08004cdc   Section        0  usbd_core.o(.text.USBD_LL_Suspend)
    [Anonymous Symbol]                       0x08004cf0   Section        0  usbd_conf.o(.text.USBD_LL_Transmit)
    [Anonymous Symbol]                       0x08004d14   Section        0  usbd_ctlreq.o(.text.USBD_ParseSetupRequest)
    [Anonymous Symbol]                       0x08004d2c   Section        0  usbd_core.o(.text.USBD_RegisterClass)
    [Anonymous Symbol]                       0x08004d3c   Section        0  usbd_core.o(.text.USBD_SetClassConfig)
    [Anonymous Symbol]                       0x08004d58   Section        0  usbd_core.o(.text.USBD_Start)
    [Anonymous Symbol]                       0x08004d64   Section        0  usbd_ctlreq.o(.text.USBD_StdDevReq)
    [Anonymous Symbol]                       0x08005050   Section        0  usbd_ctlreq.o(.text.USBD_StdEPReq)
    [Anonymous Symbol]                       0x08005198   Section        0  usbd_ctlreq.o(.text.USBD_StdItfReq)
    [Anonymous Symbol]                       0x080051ec   Section        0  usbd_conf.o(.text.USBD_static_free)
    [Anonymous Symbol]                       0x080051f0   Section        0  usbd_conf.o(.text.USBD_static_malloc)
    [Anonymous Symbol]                       0x080051fc   Section        0  stm32f1xx_ll_usb.o(.text.USB_ActivateEndpoint)
    [Anonymous Symbol]                       0x08005460   Section        0  stm32f1xx_ll_usb.o(.text.USB_CoreInit)
    [Anonymous Symbol]                       0x08005464   Section        0  stm32f1xx_ll_usb.o(.text.USB_DeactivateEndpoint)
    [Anonymous Symbol]                       0x08005544   Section        0  stm32f1xx_ll_usb.o(.text.USB_DevConnect)
    [Anonymous Symbol]                       0x08005548   Section        0  stm32f1xx_ll_usb.o(.text.USB_DevDisconnect)
    [Anonymous Symbol]                       0x0800554c   Section        0  stm32f1xx_ll_usb.o(.text.USB_DevInit)
    [Anonymous Symbol]                       0x08005568   Section        0  stm32f1xx_ll_usb.o(.text.USB_DisableGlobalInt)
    [Anonymous Symbol]                       0x0800557c   Section        0  stm32f1xx_ll_usb.o(.text.USB_EP0_OutStart)
    [Anonymous Symbol]                       0x08005580   Section        0  stm32f1xx_ll_usb.o(.text.USB_EPClearStall)
    [Anonymous Symbol]                       0x080055f4   Section        0  stm32f1xx_ll_usb.o(.text.USB_EPSetStall)
    [Anonymous Symbol]                       0x08005628   Section        0  stm32f1xx_ll_usb.o(.text.USB_EPStartXfer)
    [Anonymous Symbol]                       0x08005f90   Section        0  stm32f1xx_ll_usb.o(.text.USB_EnableGlobalInt)
    [Anonymous Symbol]                       0x08005fa4   Section        0  stm32f1xx_it.o(.text.USB_LP_CAN1_RX0_IRQHandler)
    [Anonymous Symbol]                       0x08005fb0   Section        0  stm32f1xx_ll_usb.o(.text.USB_ReadInterrupts)
    [Anonymous Symbol]                       0x08005fb8   Section        0  stm32f1xx_ll_usb.o(.text.USB_ReadPMA)
    [Anonymous Symbol]                       0x0800606c   Section        0  stm32f1xx_ll_usb.o(.text.USB_SetCurrentMode)
    [Anonymous Symbol]                       0x08006070   Section        0  stm32f1xx_ll_usb.o(.text.USB_SetDevAddress)
    [Anonymous Symbol]                       0x08006080   Section        0  stm32f1xx_ll_usb.o(.text.USB_WritePMA)
    [Anonymous Symbol]                       0x0800611c   Section        0  stm32f1xx_it.o(.text.UsageFault_Handler)
    [Anonymous Symbol]                       0x08006120   Section        0  main.o(.text.main)
    i.__0snprintf                            0x08006774   Section        0  printfa.o(i.__0snprintf)
    i.__aeabi_errno_addr                     0x080067a8   Section        0  errno.o(i.__aeabi_errno_addr)
    i.__read_errno                           0x080067b0   Section        0  errno.o(i.__read_errno)
    i.__scatterload_copy                     0x080067bc   Section       14  handlers.o(i.__scatterload_copy)
    i.__scatterload_null                     0x080067ca   Section        2  handlers.o(i.__scatterload_null)
    i.__scatterload_zeroinit                 0x080067cc   Section       14  handlers.o(i.__scatterload_zeroinit)
    i.__set_errno                            0x080067dc   Section        0  errno.o(i.__set_errno)
    _fp_digits                               0x080067e9   Thumb Code   366  printfa.o(i._fp_digits)
    i._fp_digits                             0x080067e8   Section        0  printfa.o(i._fp_digits)
    i._is_digit                              0x0800696c   Section        0  scanf_fp.o(i._is_digit)
    _printf_core                             0x0800697d   Thumb Code  1744  printfa.o(i._printf_core)
    i._printf_core                           0x0800697c   Section        0  printfa.o(i._printf_core)
    _printf_post_padding                     0x08007059   Thumb Code    36  printfa.o(i._printf_post_padding)
    i._printf_post_padding                   0x08007058   Section        0  printfa.o(i._printf_post_padding)
    _printf_pre_padding                      0x0800707d   Thumb Code    46  printfa.o(i._printf_pre_padding)
    i._printf_pre_padding                    0x0800707c   Section        0  printfa.o(i._printf_pre_padding)
    _snputc                                  0x080070ab   Thumb Code    22  printfa.o(i._snputc)
    i._snputc                                0x080070aa   Section        0  printfa.o(i._snputc)
    i.atof                                   0x080070c0   Section        0  atof.o(i.atof)
    .constdata                               0x080070ec   Section      129  ctype_o.o(.constdata)
    table                                    0x08007170   Data           4  ctype_o.o(.constdata)
    .constdata                               0x08007170   Section        4  ctype_o.o(.constdata)
    .L__const.HAL_RCC_GetSysClockFreq.aPredivFactorTable 0x08007174   Data           2  stm32f1xx_hal_rcc.o(.rodata..L__const.HAL_RCC_GetSysClockFreq.aPredivFactorTable)
    .L__const.HAL_RCC_GetSysClockFreq.aPLLMULFactorTable 0x0800718e   Data          16  stm32f1xx_hal_rcc.o(.rodata.cst16)
    .L.str.10                                0x080071a1   Data          14  main.o(.rodata.str1.1)
    [Anonymous Symbol]                       0x080071a1   Section        0  main.o(.rodata.str1.1)
    .L.str.1                                 0x080071af   Data           2  main.o(.rodata.str1.1)
    state                                    0x20000000   Data           4  strtok.o(.data)
    .data                                    0x20000000   Section        4  strtok.o(.data)
    _errno                                   0x20000004   Data           4  errno.o(.data)
    .data                                    0x20000004   Section        4  errno.o(.data)
    .L_MergedGlobals                         0x20000008   Data          17  main.o(.data..L_MergedGlobals)
    [Anonymous Symbol]                       0x20000008   Section        0  main.o(.data..L_MergedGlobals)
    .L_MergedGlobals                         0x2000001c   Data           8  stm32f1xx_hal.o(.data..L_MergedGlobals)
    [Anonymous Symbol]                       0x2000001c   Section        0  stm32f1xx_hal.o(.data..L_MergedGlobals)
    USBD_CDC_DeviceQualifierDesc             0x20000104   Data          10  usbd_cdc.o(.data.USBD_CDC_DeviceQualifierDesc)
    [Anonymous Symbol]                       0x20000104   Section        0  usbd_cdc.o(.data.USBD_CDC_DeviceQualifierDesc)
    backlight_state                          0x20000196   Data           1  lcd_i2c.o(.data.backlight_state)
    [Anonymous Symbol]                       0x20000196   Section        0  lcd_i2c.o(.data.backlight_state)
    .L_MergedGlobals.14                      0x20000198   Data         116  main.o(.bss..L_MergedGlobals.14)
    [Anonymous Symbol]                       0x20000198   Section        0  main.o(.bss..L_MergedGlobals.14)
    USBD_SetConfig.cfgidx                    0x2000020c   Data           1  usbd_ctlreq.o(.bss.USBD_SetConfig.cfgidx)
    [Anonymous Symbol]                       0x2000020c   Section        0  usbd_ctlreq.o(.bss.USBD_SetConfig.cfgidx)
    USBD_static_malloc.mem                   0x20000410   Data         544  usbd_conf.o(.bss.USBD_static_malloc.mem)
    [Anonymous Symbol]                       0x20000410   Section        0  usbd_conf.o(.bss.USBD_static_malloc.mem)
    hi2c_dev                                 0x20002440   Data           4  lcd_i2c.o(.bss.hi2c_dev)
    [Anonymous Symbol]                       0x20002440   Section        0  lcd_i2c.o(.bss.hi2c_dev)
    STACK                                    0x20002bc8   Section     1024  startup_stm32f103xe.o(STACK)

    Global Symbols

    Symbol Name                              Value     Ov Type        Size  Object(Section)

    BuildAttributes$$THM_ISAv4$P$D$K$B$S$PE$A:L22UL41UL21$X:L11$S22US41US21$IEEE1$IW$~IW$USESV6$~STKCKD$USESV7$~SHL$OTIME$ROPI$IEEEJ$EBA8$MICROLIB$REQ8$PRES8$EABIv2 0x00000000   Number         0  anon$$obj.o ABSOLUTE
    _printf_a                                0x00000000   Number         0  printfstubs.o ABSOLUTE
    _printf_c                                0x00000000   Number         0  printfstubs.o ABSOLUTE
    _printf_charcount                        0x00000000   Number         0  printfstubs.o ABSOLUTE
    _printf_d                                0x00000000   Number         0  printfstubs.o ABSOLUTE
    _printf_e                                0x00000000   Number         0  printfstubs.o ABSOLUTE
    _printf_f                                0x00000000   Number         0  printfstubs.o ABSOLUTE
    _printf_flags                            0x00000000   Number         0  printfstubs.o ABSOLUTE
    _printf_fp_dec                           0x00000000   Number         0  printfstubs.o ABSOLUTE
    _printf_fp_hex                           0x00000000   Number         0  printfstubs.o ABSOLUTE
    _printf_g                                0x00000000   Number         0  printfstubs.o ABSOLUTE
    _printf_i                                0x00000000   Number         0  printfstubs.o ABSOLUTE
    _printf_int_dec                          0x00000000   Number         0  printfstubs.o ABSOLUTE
    _printf_l                                0x00000000   Number         0  printfstubs.o ABSOLUTE
    _printf_lc                               0x00000000   Number         0  printfstubs.o ABSOLUTE
    _printf_ll                               0x00000000   Number         0  printfstubs.o ABSOLUTE
    _printf_lld                              0x00000000   Number         0  printfstubs.o ABSOLUTE
    _printf_lli                              0x00000000   Number         0  printfstubs.o ABSOLUTE
    _printf_llo                              0x00000000   Number         0  printfstubs.o ABSOLUTE
    _printf_llu                              0x00000000   Number         0  printfstubs.o ABSOLUTE
    _printf_llx                              0x00000000   Number         0  printfstubs.o ABSOLUTE
    _printf_longlong_dec                     0x00000000   Number         0  printfstubs.o ABSOLUTE
    _printf_longlong_hex                     0x00000000   Number         0  printfstubs.o ABSOLUTE
    _printf_longlong_oct                     0x00000000   Number         0  printfstubs.o ABSOLUTE
    _printf_ls                               0x00000000   Number         0  printfstubs.o ABSOLUTE
    _printf_mbtowc                           0x00000000   Number         0  printfstubs.o ABSOLUTE
    _printf_n                                0x00000000   Number         0  printfstubs.o ABSOLUTE
    _printf_o                                0x00000000   Number         0  printfstubs.o ABSOLUTE
    _printf_p                                0x00000000   Number         0  printfstubs.o ABSOLUTE
    _printf_percent                          0x00000000   Number         0  printfstubs.o ABSOLUTE
    _printf_pre_padding                      0x00000000   Number         0  printfstubs.o ABSOLUTE
    _printf_return_value                     0x00000000   Number         0  printfstubs.o ABSOLUTE
    _printf_s                                0x00000000   Number         0  printfstubs.o ABSOLUTE
    _printf_sizespec                         0x00000000   Number         0  printfstubs.o ABSOLUTE
    _printf_str                              0x00000000   Number         0  printfstubs.o ABSOLUTE
    _printf_truncate_signed                  0x00000000   Number         0  printfstubs.o ABSOLUTE
    _printf_truncate_unsigned                0x00000000   Number         0  printfstubs.o ABSOLUTE
    _printf_u                                0x00000000   Number         0  printfstubs.o ABSOLUTE
    _printf_wc                               0x00000000   Number         0  printfstubs.o ABSOLUTE
    _printf_wctomb                           0x00000000   Number         0  printfstubs.o ABSOLUTE
    _printf_widthprec                        0x00000000   Number         0  printfstubs.o ABSOLUTE
    _printf_x                                0x00000000   Number         0  printfstubs.o ABSOLUTE
    __cpp_initialize__aeabi_                  - Undefined Weak Reference
    __cxa_finalize                            - Undefined Weak Reference
    _clock_init                               - Undefined Weak Reference
    _microlib_exit                            - Undefined Weak Reference
    __Vectors_Size                           0x00000130   Number         0  startup_stm32f103xe.o ABSOLUTE
    __Vectors                                0x08000000   Data           4  startup_stm32f103xe.o(RESET)
    __Vectors_End                            0x08000130   Data           0  startup_stm32f103xe.o(RESET)
    __main                                   0x08000131   Thumb Code     0  entry.o(.ARM.Collect$$$$00000000)
    _main_stk                                0x08000131   Thumb Code     0  entry2.o(.ARM.Collect$$$$00000001)
    _main_scatterload                        0x08000135   Thumb Code     0  entry5.o(.ARM.Collect$$$$00000004)
    __main_after_scatterload                 0x08000139   Thumb Code     0  entry5.o(.ARM.Collect$$$$00000004)
    _main_clock                              0x08000139   Thumb Code     0  entry7b.o(.ARM.Collect$$$$00000008)
    _main_cpp_init                           0x08000139   Thumb Code     0  entry8b.o(.ARM.Collect$$$$0000000A)
    _main_init                               0x08000139   Thumb Code     0  entry9a.o(.ARM.Collect$$$$0000000B)
    __rt_final_cpp                           0x08000141   Thumb Code     0  entry10a.o(.ARM.Collect$$$$0000000D)
    __rt_final_exit                          0x08000141   Thumb Code     0  entry11a.o(.ARM.Collect$$$$0000000F)
    Reset_Handler                            0x08000145   Thumb Code     8  startup_stm32f103xe.o(.text)
    ADC1_2_IRQHandler                        0x0800015f   Thumb Code     0  startup_stm32f103xe.o(.text)
    ADC3_IRQHandler                          0x0800015f   Thumb Code     0  startup_stm32f103xe.o(.text)
    CAN1_RX1_IRQHandler                      0x0800015f   Thumb Code     0  startup_stm32f103xe.o(.text)
    CAN1_SCE_IRQHandler                      0x0800015f   Thumb Code     0  startup_stm32f103xe.o(.text)
    DMA1_Channel1_IRQHandler                 0x0800015f   Thumb Code     0  startup_stm32f103xe.o(.text)
    DMA1_Channel2_IRQHandler                 0x0800015f   Thumb Code     0  startup_stm32f103xe.o(.text)
    DMA1_Channel3_IRQHandler                 0x0800015f   Thumb Code     0  startup_stm32f103xe.o(.text)
    DMA1_Channel4_IRQHandler                 0x0800015f   Thumb Code     0  startup_stm32f103xe.o(.text)
    DMA1_Channel5_IRQHandler                 0x0800015f   Thumb Code     0  startup_stm32f103xe.o(.text)
    DMA1_Channel7_IRQHandler                 0x0800015f   Thumb Code     0  startup_stm32f103xe.o(.text)
    DMA2_Channel1_IRQHandler                 0x0800015f   Thumb Code     0  startup_stm32f103xe.o(.text)
    DMA2_Channel2_IRQHandler                 0x0800015f   Thumb Code     0  startup_stm32f103xe.o(.text)
    DMA2_Channel3_IRQHandler                 0x0800015f   Thumb Code     0  startup_stm32f103xe.o(.text)
    DMA2_Channel4_5_IRQHandler               0x0800015f   Thumb Code     0  startup_stm32f103xe.o(.text)
    EXTI15_10_IRQHandler                     0x0800015f   Thumb Code     0  startup_stm32f103xe.o(.text)
    EXTI1_IRQHandler                         0x0800015f   Thumb Code     0  startup_stm32f103xe.o(.text)
    EXTI2_IRQHandler                         0x0800015f   Thumb Code     0  startup_stm32f103xe.o(.text)
    EXTI9_5_IRQHandler                       0x0800015f   Thumb Code     0  startup_stm32f103xe.o(.text)
    FLASH_IRQHandler                         0x0800015f   Thumb Code     0  startup_stm32f103xe.o(.text)
    FSMC_IRQHandler                          0x0800015f   Thumb Code     0  startup_stm32f103xe.o(.text)
    I2C1_ER_IRQHandler                       0x0800015f   Thumb Code     0  startup_stm32f103xe.o(.text)
    I2C1_EV_IRQHandler                       0x0800015f   Thumb Code     0  startup_stm32f103xe.o(.text)
    I2C2_ER_IRQHandler                       0x0800015f   Thumb Code     0  startup_stm32f103xe.o(.text)
    I2C2_EV_IRQHandler                       0x0800015f   Thumb Code     0  startup_stm32f103xe.o(.text)
    PVD_IRQHandler                           0x0800015f   Thumb Code     0  startup_stm32f103xe.o(.text)
    RCC_IRQHandler                           0x0800015f   Thumb Code     0  startup_stm32f103xe.o(.text)
    RTC_Alarm_IRQHandler                     0x0800015f   Thumb Code     0  startup_stm32f103xe.o(.text)
    RTC_IRQHandler                           0x0800015f   Thumb Code     0  startup_stm32f103xe.o(.text)
    SDIO_IRQHandler                          0x0800015f   Thumb Code     0  startup_stm32f103xe.o(.text)
    SPI1_IRQHandler                          0x0800015f   Thumb Code     0  startup_stm32f103xe.o(.text)
    SPI2_IRQHandler                          0x0800015f   Thumb Code     0  startup_stm32f103xe.o(.text)
    SPI3_IRQHandler                          0x0800015f   Thumb Code     0  startup_stm32f103xe.o(.text)
    TAMPER_IRQHandler                        0x0800015f   Thumb Code     0  startup_stm32f103xe.o(.text)
    TIM1_BRK_IRQHandler                      0x0800015f   Thumb Code     0  startup_stm32f103xe.o(.text)
    TIM1_CC_IRQHandler                       0x0800015f   Thumb Code     0  startup_stm32f103xe.o(.text)
    TIM1_TRG_COM_IRQHandler                  0x0800015f   Thumb Code     0  startup_stm32f103xe.o(.text)
    TIM1_UP_IRQHandler                       0x0800015f   Thumb Code     0  startup_stm32f103xe.o(.text)
    TIM2_IRQHandler                          0x0800015f   Thumb Code     0  startup_stm32f103xe.o(.text)
    TIM3_IRQHandler                          0x0800015f   Thumb Code     0  startup_stm32f103xe.o(.text)
    TIM4_IRQHandler                          0x0800015f   Thumb Code     0  startup_stm32f103xe.o(.text)
    TIM5_IRQHandler                          0x0800015f   Thumb Code     0  startup_stm32f103xe.o(.text)
    TIM6_IRQHandler                          0x0800015f   Thumb Code     0  startup_stm32f103xe.o(.text)
    TIM7_IRQHandler                          0x0800015f   Thumb Code     0  startup_stm32f103xe.o(.text)
    TIM8_BRK_IRQHandler                      0x0800015f   Thumb Code     0  startup_stm32f103xe.o(.text)
    TIM8_CC_IRQHandler                       0x0800015f   Thumb Code     0  startup_stm32f103xe.o(.text)
    TIM8_TRG_COM_IRQHandler                  0x0800015f   Thumb Code     0  startup_stm32f103xe.o(.text)
    TIM8_UP_IRQHandler                       0x0800015f   Thumb Code     0  startup_stm32f103xe.o(.text)
    UART4_IRQHandler                         0x0800015f   Thumb Code     0  startup_stm32f103xe.o(.text)
    UART5_IRQHandler                         0x0800015f   Thumb Code     0  startup_stm32f103xe.o(.text)
    USART1_IRQHandler                        0x0800015f   Thumb Code     0  startup_stm32f103xe.o(.text)
    USART3_IRQHandler                        0x0800015f   Thumb Code     0  startup_stm32f103xe.o(.text)
    USBWakeUp_IRQHandler                     0x0800015f   Thumb Code     0  startup_stm32f103xe.o(.text)
    USB_HP_CAN1_TX_IRQHandler                0x0800015f   Thumb Code     0  startup_stm32f103xe.o(.text)
    WWDG_IRQHandler                          0x0800015f   Thumb Code     0  startup_stm32f103xe.o(.text)
    strstr                                   0x08000169   Thumb Code    36  strstr.o(.text)
    strncpy                                  0x0800018d   Thumb Code    24  strncpy.o(.text)
    strtok                                   0x080001a5   Thumb Code    62  strtok.o(.text)
    atoi                                     0x080001e9   Thumb Code    26  atoi.o(.text)
    __aeabi_fadd                             0x08000203   Thumb Code   164  fadd.o(.text)
    __aeabi_fsub                             0x080002a7   Thumb Code     6  fadd.o(.text)
    __aeabi_frsub                            0x080002ad   Thumb Code     6  fadd.o(.text)
    __aeabi_dadd                             0x080002b3   Thumb Code   322  dadd.o(.text)
    __aeabi_dsub                             0x080003f5   Thumb Code     6  dadd.o(.text)
    __aeabi_drsub                            0x080003fb   Thumb Code     6  dadd.o(.text)
    __aeabi_dmul                             0x08000401   Thumb Code   228  dmul.o(.text)
    __aeabi_ddiv                             0x080004e5   Thumb Code   222  ddiv.o(.text)
    __aeabi_i2f                              0x080005c3   Thumb Code    18  fflti.o(.text)
    __aeabi_f2iz                             0x080005d5   Thumb Code    50  ffixi.o(.text)
    __aeabi_f2d                              0x08000607   Thumb Code    38  f2d.o(.text)
    __aeabi_d2f                              0x0800062d   Thumb Code    56  d2f.o(.text)
    __aeabi_uidiv                            0x08000665   Thumb Code     0  uidiv.o(.text)
    __aeabi_uidivmod                         0x08000665   Thumb Code    44  uidiv.o(.text)
    __aeabi_uldivmod                         0x08000691   Thumb Code    98  uldiv.o(.text)
    __aeabi_llsl                             0x080006f3   Thumb Code    30  llshl.o(.text)
    _ll_shift_l                              0x080006f3   Thumb Code     0  llshl.o(.text)
    __aeabi_lasr                             0x08000711   Thumb Code    36  llsshr.o(.text)
    _ll_sshift_r                             0x08000711   Thumb Code     0  llsshr.o(.text)
    __strtod_int                             0x08000773   Thumb Code    94  strtod.o(.text)
    strtol                                   0x080007dd   Thumb Code   112  strtol.o(.text)
    __I$use$fp                               0x0800084d   Thumb Code     0  iusefp.o(.text)
    _float_round                             0x0800084d   Thumb Code    18  fepilogue.o(.text)
    _float_epilogue                          0x0800085f   Thumb Code    92  fepilogue.o(.text)
    _double_round                            0x080008bb   Thumb Code    30  depilogue.o(.text)
    _double_epilogue                         0x080008d9   Thumb Code   156  depilogue.o(.text)
    __aeabi_d2ulz                            0x08000975   Thumb Code    48  dfixul.o(.text)
    __aeabi_cdrcmple                         0x080009a5   Thumb Code    48  cdrcmple.o(.text)
    __scatterload                            0x080009d5   Thumb Code    38  init.o(.text)
    __scatterload_rt2                        0x080009d5   Thumb Code     0  init.o(.text)
    __aeabi_llsr                             0x08000a05   Thumb Code    32  llushr.o(.text)
    _ll_ushift_r                             0x08000a05   Thumb Code     0  llushr.o(.text)
    __rt_ctype_table                         0x08000a25   Thumb Code     4  ctype_o.o(.text)
    isspace                                  0x08000a2d   Thumb Code    18  isspace_o.o(.text)
    _scanf_real                              0x08000b69   Thumb Code     0  scanf_fp.o(.text)
    _scanf_really_real                       0x08000b69   Thumb Code   556  scanf_fp.o(.text)
    _sgetc                                   0x08000da1   Thumb Code    30  _sgetc.o(.text)
    _sbackspace                              0x08000dbf   Thumb Code    34  _sgetc.o(.text)
    _strtoul                                 0x08000de1   Thumb Code   158  _strtoul.o(.text)
    _chval                                   0x08000e7f   Thumb Code    28  _chval.o(.text)
    __aeabi_ul2d                             0x08000e9b   Thumb Code    24  dfltul.o(.text)
    __decompress                             0x08000eb3   Thumb Code     0  __dczerorl2.o(.text)
    __decompress1                            0x08000eb3   Thumb Code    86  __dczerorl2.o(.text)
    BusFault_Handler                         0x08000f09   Thumb Code     2  stm32f1xx_it.o(.text.BusFault_Handler)
    CDC_Transmit_FS                          0x08000f5d   Thumb Code    54  usbd_cdc_if.o(.text.CDC_Transmit_FS)
    DMA1_Channel6_IRQHandler                 0x08000f95   Thumb Code    12  stm32f1xx_it.o(.text.DMA1_Channel6_IRQHandler)
    DebugMon_Handler                         0x08000fa1   Thumb Code     2  stm32f1xx_it.o(.text.DebugMon_Handler)
    EXTI0_IRQHandler                         0x08000fa5   Thumb Code     6  stm32f1xx_it.o(.text.EXTI0_IRQHandler)
    EXTI3_IRQHandler                         0x08000fad   Thumb Code     6  stm32f1xx_it.o(.text.EXTI3_IRQHandler)
    EXTI4_IRQHandler                         0x08000fb5   Thumb Code     6  stm32f1xx_it.o(.text.EXTI4_IRQHandler)
    Error_Handler                            0x08000fbd   Thumb Code     2  main.o(.text.Error_Handler)
    HAL_DMA_Abort                            0x08000fc1   Thumb Code    70  stm32f1xx_hal_dma.o(.text.HAL_DMA_Abort)
    HAL_DMA_Abort_IT                         0x08001009   Thumb Code   298  stm32f1xx_hal_dma.o(.text.HAL_DMA_Abort_IT)
    HAL_DMA_IRQHandler                       0x08001135   Thumb Code   662  stm32f1xx_hal_dma.o(.text.HAL_DMA_IRQHandler)
    HAL_DMA_Init                             0x080013cd   Thumb Code   140  stm32f1xx_hal_dma.o(.text.HAL_DMA_Init)
    HAL_DMA_Start_IT                         0x08001459   Thumb Code   160  stm32f1xx_hal_dma.o(.text.HAL_DMA_Start_IT)
    HAL_Delay                                0x080014f9   Thumb Code    40  stm32f1xx_hal.o(.text.HAL_Delay)
    HAL_GPIO_EXTI_Callback                   0x08001521   Thumb Code    38  main.o(.text.HAL_GPIO_EXTI_Callback)
    HAL_GPIO_EXTI_IRQHandler                 0x08001549   Thumb Code    22  stm32f1xx_hal_gpio.o(.text.HAL_GPIO_EXTI_IRQHandler)
    HAL_GPIO_Init                            0x08001561   Thumb Code   486  stm32f1xx_hal_gpio.o(.text.HAL_GPIO_Init)
    HAL_GetTick                              0x08001749   Thumb Code    12  stm32f1xx_hal.o(.text.HAL_GetTick)
    HAL_I2C_Init                             0x08001755   Thumb Code   356  stm32f1xx_hal_i2c.o(.text.HAL_I2C_Init)
    HAL_I2C_Master_Transmit                  0x080018b9   Thumb Code  1048  stm32f1xx_hal_i2c.o(.text.HAL_I2C_Master_Transmit)
    HAL_I2C_MspInit                          0x08001cd1   Thumb Code   108  i2c.o(.text.HAL_I2C_MspInit)
    HAL_IncTick                              0x08001d3d   Thumb Code    26  stm32f1xx_hal.o(.text.HAL_IncTick)
    HAL_Init                                 0x08001d59   Thumb Code    38  stm32f1xx_hal.o(.text.HAL_Init)
    HAL_InitTick                             0x08001d81   Thumb Code    72  stm32f1xx_hal.o(.text.HAL_InitTick)
    HAL_MspInit                              0x08001dc9   Thumb Code    66  stm32f1xx_hal_msp.o(.text.HAL_MspInit)
    HAL_NVIC_EnableIRQ                       0x08001e0d   Thumb Code    34  stm32f1xx_hal_cortex.o(.text.HAL_NVIC_EnableIRQ)
    HAL_NVIC_SetPriority                     0x08001e31   Thumb Code    86  stm32f1xx_hal_cortex.o(.text.HAL_NVIC_SetPriority)
    HAL_NVIC_SetPriorityGrouping             0x08001e89   Thumb Code    32  stm32f1xx_hal_cortex.o(.text.HAL_NVIC_SetPriorityGrouping)
    HAL_PCDEx_PMAConfig                      0x08001ea9   Thumb Code    76  stm32f1xx_hal_pcd_ex.o(.text.HAL_PCDEx_PMAConfig)
    HAL_PCDEx_SetConnectionState             0x08001ef5   Thumb Code     2  usbd_conf.o(.text.HAL_PCDEx_SetConnectionState)
    HAL_PCD_DataInStageCallback              0x08001ef9   Thumb Code    20  usbd_conf.o(.text.HAL_PCD_DataInStageCallback)
    HAL_PCD_DataOutStageCallback             0x08001f0d   Thumb Code    22  usbd_conf.o(.text.HAL_PCD_DataOutStageCallback)
    HAL_PCD_EP_Close                         0x08001f25   Thumb Code    80  stm32f1xx_hal_pcd.o(.text.HAL_PCD_EP_Close)
    HAL_PCD_EP_ClrStall                      0x08001f75   Thumb Code    96  stm32f1xx_hal_pcd.o(.text.HAL_PCD_EP_ClrStall)
    HAL_PCD_EP_GetRxCount                    0x08001fd5   Thumb Code    18  stm32f1xx_hal_pcd.o(.text.HAL_PCD_EP_GetRxCount)
    HAL_PCD_EP_Open                          0x08001fe9   Thumb Code   112  stm32f1xx_hal_pcd.o(.text.HAL_PCD_EP_Open)
    HAL_PCD_EP_Receive                       0x08002059   Thumb Code    50  stm32f1xx_hal_pcd.o(.text.HAL_PCD_EP_Receive)
    HAL_PCD_EP_SetStall                      0x0800208d   Thumb Code   108  stm32f1xx_hal_pcd.o(.text.HAL_PCD_EP_SetStall)
    HAL_PCD_EP_Transmit                      0x080020f9   Thumb Code    54  stm32f1xx_hal_pcd.o(.text.HAL_PCD_EP_Transmit)
    HAL_PCD_IRQHandler                       0x08002131   Thumb Code  2194  stm32f1xx_hal_pcd.o(.text.HAL_PCD_IRQHandler)
    HAL_PCD_Init                             0x080029c5   Thumb Code   368  stm32f1xx_hal_pcd.o(.text.HAL_PCD_Init)
    HAL_PCD_MspInit                          0x08002b35   Thumb Code    68  usbd_conf.o(.text.HAL_PCD_MspInit)
    HAL_PCD_ResetCallback                    0x08002b79   Thumb Code    36  usbd_conf.o(.text.HAL_PCD_ResetCallback)
    HAL_PCD_ResumeCallback                   0x08002b9d   Thumb Code     8  usbd_conf.o(.text.HAL_PCD_ResumeCallback)
    HAL_PCD_SOFCallback                      0x08002ba5   Thumb Code     8  usbd_conf.o(.text.HAL_PCD_SOFCallback)
    HAL_PCD_SetAddress                       0x08002bad   Thumb Code    42  stm32f1xx_hal_pcd.o(.text.HAL_PCD_SetAddress)
    HAL_PCD_SetupStageCallback               0x08002bd9   Thumb Code    14  usbd_conf.o(.text.HAL_PCD_SetupStageCallback)
    HAL_PCD_Start                            0x08002be9   Thumb Code    52  stm32f1xx_hal_pcd.o(.text.HAL_PCD_Start)
    HAL_PCD_SuspendCallback                  0x08002c1d   Thumb Code    38  usbd_conf.o(.text.HAL_PCD_SuspendCallback)
    HAL_RCCEx_PeriphCLKConfig                0x08002c45   Thumb Code   258  stm32f1xx_hal_rcc_ex.o(.text.HAL_RCCEx_PeriphCLKConfig)
    HAL_RCC_ClockConfig                      0x08002d49   Thumb Code   442  stm32f1xx_hal_rcc.o(.text.HAL_RCC_ClockConfig)
    HAL_RCC_GetPCLK1Freq                     0x08002f05   Thumb Code    38  stm32f1xx_hal_rcc.o(.text.HAL_RCC_GetPCLK1Freq)
    HAL_RCC_GetPCLK2Freq                     0x08002f2d   Thumb Code    38  stm32f1xx_hal_rcc.o(.text.HAL_RCC_GetPCLK2Freq)
    HAL_RCC_OscConfig                        0x08002f55   Thumb Code  1024  stm32f1xx_hal_rcc.o(.text.HAL_RCC_OscConfig)
    HAL_SYSTICK_Config                       0x08003355   Thumb Code    44  stm32f1xx_hal_cortex.o(.text.HAL_SYSTICK_Config)
    HAL_UARTEx_RxEventCallback               0x08003381   Thumb Code     2  stm32f1xx_hal_uart.o(.text.HAL_UARTEx_RxEventCallback)
    HAL_UART_DMAStop                         0x08003385   Thumb Code   132  stm32f1xx_hal_uart.o(.text.HAL_UART_DMAStop)
    HAL_UART_ErrorCallback                   0x08003409   Thumb Code     2  stm32f1xx_hal_uart.o(.text.HAL_UART_ErrorCallback)
    HAL_UART_IRQHandler                      0x0800340d   Thumb Code   628  stm32f1xx_hal_uart.o(.text.HAL_UART_IRQHandler)
    HAL_UART_Init                            0x08003681   Thumb Code   224  stm32f1xx_hal_uart.o(.text.HAL_UART_Init)
    HAL_UART_MspInit                         0x08003761   Thumb Code   194  usart.o(.text.HAL_UART_MspInit)
    HAL_UART_Receive_DMA                     0x08003825   Thumb Code   200  stm32f1xx_hal_uart.o(.text.HAL_UART_Receive_DMA)
    HAL_UART_RxCpltCallback                  0x080038ed   Thumb Code     2  stm32f1xx_hal_uart.o(.text.HAL_UART_RxCpltCallback)
    HAL_UART_RxHalfCpltCallback              0x080038f1   Thumb Code     2  stm32f1xx_hal_uart.o(.text.HAL_UART_RxHalfCpltCallback)
    HAL_UART_TxCpltCallback                  0x080038f5   Thumb Code     2  stm32f1xx_hal_uart.o(.text.HAL_UART_TxCpltCallback)
    HardFault_Handler                        0x080038f9   Thumb Code     2  stm32f1xx_it.o(.text.HardFault_Handler)
    LCD_Backlight                            0x080038fd   Thumb Code    18  lcd_i2c.o(.text.LCD_Backlight)
    LCD_Clear                                0x08003911   Thumb Code    18  lcd_i2c.o(.text.LCD_Clear)
    LCD_CreateCustomChar                     0x08003925   Thumb Code    68  lcd_i2c.o(.text.LCD_CreateCustomChar)
    LCD_Init                                 0x08003969   Thumb Code   558  lcd_i2c.o(.text.LCD_Init)
    LCD_SendCommand                          0x08003b99   Thumb Code   302  lcd_i2c.o(.text.LCD_SendCommand)
    LCD_SetCursor                            0x08003cc9   Thumb Code    16  lcd_i2c.o(.text.LCD_SetCursor)
    LCD_WriteChar                            0x08003cdd   Thumb Code   276  lcd_i2c.o(.text.LCD_WriteChar)
    LCD_WriteString                          0x08003df1   Thumb Code    32  lcd_i2c.o(.text.LCD_WriteString)
    MX_DMA_Init                              0x08003e11   Thumb Code    52  dma.o(.text.MX_DMA_Init)
    MX_GPIO_Init                             0x08003e45   Thumb Code   178  gpio.o(.text.MX_GPIO_Init)
    MX_I2C2_Init                             0x08003ef9   Thumb Code    66  i2c.o(.text.MX_I2C2_Init)
    MX_USART2_UART_Init                      0x08003f3d   Thumb Code    60  usart.o(.text.MX_USART2_UART_Init)
    MX_USB_DEVICE_Init                       0x08003f79   Thumb Code   114  usb_device.o(.text.MX_USB_DEVICE_Init)
    MemManage_Handler                        0x08003fed   Thumb Code     2  stm32f1xx_it.o(.text.MemManage_Handler)
    NMI_Handler                              0x08003ff1   Thumb Code     2  stm32f1xx_it.o(.text.NMI_Handler)
    PendSV_Handler                           0x08003ff5   Thumb Code     2  stm32f1xx_it.o(.text.PendSV_Handler)
    SVC_Handler                              0x08003ff9   Thumb Code     2  stm32f1xx_it.o(.text.SVC_Handler)
    SysTick_Handler                          0x08003ffd   Thumb Code     4  stm32f1xx_it.o(.text.SysTick_Handler)
    SystemInit                               0x08004001   Thumb Code     2  system_stm32f1xx.o(.text.SystemInit)
    USART2_IRQHandler                        0x08004191   Thumb Code    96  main.o(.text.USART2_IRQHandler)
    USBD_CDC_GetDeviceQualifierDescriptor    0x080042e1   Thumb Code    16  usbd_cdc.o(.text.USBD_CDC_GetDeviceQualifierDescriptor)
    USBD_CDC_ReceivePacket                   0x080043a5   Thumb Code    44  usbd_cdc.o(.text.USBD_CDC_ReceivePacket)
    USBD_CDC_RegisterInterface               0x080043d1   Thumb Code    14  usbd_cdc.o(.text.USBD_CDC_RegisterInterface)
    USBD_CDC_SetRxBuffer                     0x080043e1   Thumb Code    12  usbd_cdc.o(.text.USBD_CDC_SetRxBuffer)
    USBD_CDC_SetTxBuffer                     0x080043ed   Thumb Code    16  usbd_cdc.o(.text.USBD_CDC_SetTxBuffer)
    USBD_CDC_TransmitPacket                  0x080044c5   Thumb Code    62  usbd_cdc.o(.text.USBD_CDC_TransmitPacket)
    USBD_ClrClassConfig                      0x08004505   Thumb Code    14  usbd_core.o(.text.USBD_ClrClassConfig)
    USBD_CtlContinueRx                       0x08004515   Thumb Code    16  usbd_ioreq.o(.text.USBD_CtlContinueRx)
    USBD_CtlContinueSendData                 0x08004525   Thumb Code    16  usbd_ioreq.o(.text.USBD_CtlContinueSendData)
    USBD_CtlError                            0x08004535   Thumb Code    22  usbd_ctlreq.o(.text.USBD_CtlError)
    USBD_CtlPrepareRx                        0x0800454d   Thumb Code    26  usbd_ioreq.o(.text.USBD_CtlPrepareRx)
    USBD_CtlReceiveStatus                    0x08004569   Thumb Code    22  usbd_ioreq.o(.text.USBD_CtlReceiveStatus)
    USBD_CtlSendData                         0x08004581   Thumb Code    26  usbd_ioreq.o(.text.USBD_CtlSendData)
    USBD_CtlSendStatus                       0x0800459d   Thumb Code    22  usbd_ioreq.o(.text.USBD_CtlSendStatus)
    USBD_FS_ConfigStrDescriptor              0x080045b5   Thumb Code    24  usbd_desc.o(.text.USBD_FS_ConfigStrDescriptor)
    USBD_FS_DeviceDescriptor                 0x080045d9   Thumb Code    14  usbd_desc.o(.text.USBD_FS_DeviceDescriptor)
    USBD_FS_InterfaceStrDescriptor           0x080045e9   Thumb Code    24  usbd_desc.o(.text.USBD_FS_InterfaceStrDescriptor)
    USBD_FS_LangIDStrDescriptor              0x08004611   Thumb Code    14  usbd_desc.o(.text.USBD_FS_LangIDStrDescriptor)
    USBD_FS_ManufacturerStrDescriptor        0x08004621   Thumb Code    24  usbd_desc.o(.text.USBD_FS_ManufacturerStrDescriptor)
    USBD_FS_ProductStrDescriptor             0x0800464d   Thumb Code    24  usbd_desc.o(.text.USBD_FS_ProductStrDescriptor)
    USBD_FS_SerialStrDescriptor              0x0800467d   Thumb Code   368  usbd_desc.o(.text.USBD_FS_SerialStrDescriptor)
    USBD_GetString                           0x080047ed   Thumb Code   210  usbd_ctlreq.o(.text.USBD_GetString)
    USBD_Init                                0x080048c1   Thumb Code    48  usbd_core.o(.text.USBD_Init)
    USBD_LL_ClearStallEP                     0x080048f1   Thumb Code    34  usbd_conf.o(.text.USBD_LL_ClearStallEP)
    USBD_LL_CloseEP                          0x08004915   Thumb Code    34  usbd_conf.o(.text.USBD_LL_CloseEP)
    USBD_LL_DataInStage                      0x08004939   Thumb Code   202  usbd_core.o(.text.USBD_LL_DataInStage)
    USBD_LL_DataOutStage                     0x08004a05   Thumb Code   124  usbd_core.o(.text.USBD_LL_DataOutStage)
    USBD_LL_GetRxDataSize                    0x08004a81   Thumb Code     8  usbd_conf.o(.text.USBD_LL_GetRxDataSize)
    USBD_LL_Init                             0x08004a89   Thumb Code   134  usbd_conf.o(.text.USBD_LL_Init)
    USBD_LL_IsStallEP                        0x08004b11   Thumb Code    42  usbd_conf.o(.text.USBD_LL_IsStallEP)
    USBD_LL_OpenEP                           0x08004b3d   Thumb Code    40  usbd_conf.o(.text.USBD_LL_OpenEP)
    USBD_LL_PrepareReceive                   0x08004b65   Thumb Code    34  usbd_conf.o(.text.USBD_LL_PrepareReceive)
    USBD_LL_Reset                            0x08004b89   Thumb Code    84  usbd_core.o(.text.USBD_LL_Reset)
    USBD_LL_Resume                           0x08004bdd   Thumb Code    20  usbd_core.o(.text.USBD_LL_Resume)
    USBD_LL_SOF                              0x08004bf1   Thumb Code    28  usbd_core.o(.text.USBD_LL_SOF)
    USBD_LL_SetSpeed                         0x08004c0d   Thumb Code     8  usbd_core.o(.text.USBD_LL_SetSpeed)
    USBD_LL_SetUSBAddress                    0x08004c15   Thumb Code    34  usbd_conf.o(.text.USBD_LL_SetUSBAddress)
    USBD_LL_SetupStage                       0x08004c39   Thumb Code    92  usbd_core.o(.text.USBD_LL_SetupStage)
    USBD_LL_StallEP                          0x08004c95   Thumb Code    34  usbd_conf.o(.text.USBD_LL_StallEP)
    USBD_LL_Start                            0x08004cb9   Thumb Code    34  usbd_conf.o(.text.USBD_LL_Start)
    USBD_LL_Suspend                          0x08004cdd   Thumb Code    20  usbd_core.o(.text.USBD_LL_Suspend)
    USBD_LL_Transmit                         0x08004cf1   Thumb Code    34  usbd_conf.o(.text.USBD_LL_Transmit)
    USBD_ParseSetupRequest                   0x08004d15   Thumb Code    22  usbd_ctlreq.o(.text.USBD_ParseSetupRequest)
    USBD_RegisterClass                       0x08004d2d   Thumb Code    14  usbd_core.o(.text.USBD_RegisterClass)
    USBD_SetClassConfig                      0x08004d3d   Thumb Code    28  usbd_core.o(.text.USBD_SetClassConfig)
    USBD_Start                               0x08004d59   Thumb Code    10  usbd_core.o(.text.USBD_Start)
    USBD_StdDevReq                           0x08004d65   Thumb Code   746  usbd_ctlreq.o(.text.USBD_StdDevReq)
    USBD_StdEPReq                            0x08005051   Thumb Code   328  usbd_ctlreq.o(.text.USBD_StdEPReq)
    USBD_StdItfReq                           0x08005199   Thumb Code    84  usbd_ctlreq.o(.text.USBD_StdItfReq)
    USBD_static_free                         0x080051ed   Thumb Code     2  usbd_conf.o(.text.USBD_static_free)
    USBD_static_malloc                       0x080051f1   Thumb Code    10  usbd_conf.o(.text.USBD_static_malloc)
    USB_ActivateEndpoint                     0x080051fd   Thumb Code   612  stm32f1xx_ll_usb.o(.text.USB_ActivateEndpoint)
    USB_CoreInit                             0x08005461   Thumb Code     4  stm32f1xx_ll_usb.o(.text.USB_CoreInit)
    USB_DeactivateEndpoint                   0x08005465   Thumb Code   222  stm32f1xx_ll_usb.o(.text.USB_DeactivateEndpoint)
    USB_DevConnect                           0x08005545   Thumb Code     4  stm32f1xx_ll_usb.o(.text.USB_DevConnect)
    USB_DevDisconnect                        0x08005549   Thumb Code     4  stm32f1xx_ll_usb.o(.text.USB_DevDisconnect)
    USB_DevInit                              0x0800554d   Thumb Code    26  stm32f1xx_ll_usb.o(.text.USB_DevInit)
    USB_DisableGlobalInt                     0x08005569   Thumb Code    20  stm32f1xx_ll_usb.o(.text.USB_DisableGlobalInt)
    USB_EP0_OutStart                         0x0800557d   Thumb Code     4  stm32f1xx_ll_usb.o(.text.USB_EP0_OutStart)
    USB_EPClearStall                         0x08005581   Thumb Code   116  stm32f1xx_ll_usb.o(.text.USB_EPClearStall)
    USB_EPSetStall                           0x080055f5   Thumb Code    50  stm32f1xx_ll_usb.o(.text.USB_EPSetStall)
    USB_EPStartXfer                          0x08005629   Thumb Code  2406  stm32f1xx_ll_usb.o(.text.USB_EPStartXfer)
    USB_EnableGlobalInt                      0x08005f91   Thumb Code    18  stm32f1xx_ll_usb.o(.text.USB_EnableGlobalInt)
    USB_LP_CAN1_RX0_IRQHandler               0x08005fa5   Thumb Code    12  stm32f1xx_it.o(.text.USB_LP_CAN1_RX0_IRQHandler)
    USB_ReadInterrupts                       0x08005fb1   Thumb Code     6  stm32f1xx_ll_usb.o(.text.USB_ReadInterrupts)
    USB_ReadPMA                              0x08005fb9   Thumb Code   180  stm32f1xx_ll_usb.o(.text.USB_ReadPMA)
    USB_SetCurrentMode                       0x0800606d   Thumb Code     4  stm32f1xx_ll_usb.o(.text.USB_SetCurrentMode)
    USB_SetDevAddress                        0x08006071   Thumb Code    14  stm32f1xx_ll_usb.o(.text.USB_SetDevAddress)
    USB_WritePMA                             0x08006081   Thumb Code   154  stm32f1xx_ll_usb.o(.text.USB_WritePMA)
    UsageFault_Handler                       0x0800611d   Thumb Code     2  stm32f1xx_it.o(.text.UsageFault_Handler)
    main                                     0x08006121   Thumb Code  1504  main.o(.text.main)
    __0snprintf                              0x08006775   Thumb Code    48  printfa.o(i.__0snprintf)
    __1snprintf                              0x08006775   Thumb Code     0  printfa.o(i.__0snprintf)
    __2snprintf                              0x08006775   Thumb Code     0  printfa.o(i.__0snprintf)
    __c89snprintf                            0x08006775   Thumb Code     0  printfa.o(i.__0snprintf)
    snprintf                                 0x08006775   Thumb Code     0  printfa.o(i.__0snprintf)
    __aeabi_errno_addr                       0x080067a9   Thumb Code     4  errno.o(i.__aeabi_errno_addr)
    __rt_errno_addr                          0x080067a9   Thumb Code     0  errno.o(i.__aeabi_errno_addr)
    __read_errno                             0x080067b1   Thumb Code     6  errno.o(i.__read_errno)
    __scatterload_copy                       0x080067bd   Thumb Code    14  handlers.o(i.__scatterload_copy)
    __scatterload_null                       0x080067cb   Thumb Code     2  handlers.o(i.__scatterload_null)
    __scatterload_zeroinit                   0x080067cd   Thumb Code    14  handlers.o(i.__scatterload_zeroinit)
    __set_errno                              0x080067dd   Thumb Code     6  errno.o(i.__set_errno)
    _is_digit                                0x0800696d   Thumb Code    14  scanf_fp.o(i._is_digit)
    atof                                     0x080070c1   Thumb Code    44  atof.o(i.atof)
    __ctype_table                            0x080070ec   Data         129  ctype_o.o(.constdata)
    AHBPrescTable                            0x08007176   Data          16  system_stm32f1xx.o(.rodata.AHBPrescTable)
    APBPrescTable                            0x08007186   Data           8  system_stm32f1xx.o(.rodata.APBPrescTable)
    delimiter                                0x0800719e   Data           3  main.o(.rodata.delimiter)
    Region$$Table$$Base                      0x080071b4   Number         0  anon$$obj.o(Region$$Table)
    Region$$Table$$Limit                     0x080071d4   Number         0  anon$$obj.o(Region$$Table)
    uartok                                   0x20000008   Data           1  main.o(.data..L_MergedGlobals)
    smiley_char                              0x20000009   Data           8  main.o(.data..L_MergedGlobals)
    heart_char                               0x20000011   Data           8  main.o(.data..L_MergedGlobals)
    uwTickFreq                               0x2000001c   Data           1  stm32f1xx_hal.o(.data..L_MergedGlobals)
    uwTickPrio                               0x20000020   Data           4  stm32f1xx_hal.o(.data..L_MergedGlobals)
    FS_Desc                                  0x20000024   Data          28  usbd_desc.o(.data.FS_Desc)
    SystemCoreClock                          0x20000040   Data           4  system_stm32f1xx.o(.data.SystemCoreClock)
    USBD_CDC                                 0x20000044   Data          56  usbd_cdc.o(.data.USBD_CDC)
    USBD_CDC_CfgFSDesc                       0x2000007c   Data          67  usbd_cdc.o(.data.USBD_CDC_CfgFSDesc)
    USBD_CDC_CfgHSDesc                       0x200000c0   Data          67  usbd_cdc.o(.data.USBD_CDC_CfgHSDesc)
    USBD_CDC_OtherSpeedCfgDesc               0x20000110   Data          67  usbd_cdc.o(.data.USBD_CDC_OtherSpeedCfgDesc)
    USBD_FS_DeviceDesc                       0x20000154   Data          18  usbd_desc.o(.data.USBD_FS_DeviceDesc)
    USBD_Interface_fops_FS                   0x20000168   Data          16  usbd_cdc_if.o(.data.USBD_Interface_fops_FS)
    USBD_LangIDDesc                          0x20000178   Data           4  usbd_desc.o(.data.USBD_LangIDDesc)
    USBD_StringSerial                        0x2000017c   Data          26  usbd_desc.o(.data.USBD_StringSerial)
    rx_length                                0x20000198   Data           2  main.o(.bss..L_MergedGlobals.14)
    record                                   0x2000019c   Data           4  main.o(.bss..L_MergedGlobals.14)
    raw_data_trans                           0x200001a0   Data           4  main.o(.bss..L_MergedGlobals.14)
    sendposition                             0x200001a4   Data           4  main.o(.bss..L_MergedGlobals.14)
    data_index                               0x200001a8   Data           4  main.o(.bss..L_MergedGlobals.14)
    degree                                   0x200001ac   Data           8  main.o(.bss..L_MergedGlobals.14)
    minute                                   0x200001b4   Data           8  main.o(.bss..L_MergedGlobals.14)
    lcd_row0                                 0x200001bc   Data          20  main.o(.bss..L_MergedGlobals.14)
    lcd_row1                                 0x200001d0   Data          20  main.o(.bss..L_MergedGlobals.14)
    lcd_row2                                 0x200001e4   Data          20  main.o(.bss..L_MergedGlobals.14)
    lcd_row3                                 0x200001f8   Data          20  main.o(.bss..L_MergedGlobals.14)
    USBD_StrDesc                             0x20000210   Data         512  usbd_desc.o(.bss.USBD_StrDesc)
    UserRxBufferFS                           0x20000630   Data        1000  usbd_cdc_if.o(.bss.UserRxBufferFS)
    UserTxBufferFS                           0x20000a18   Data        1000  usbd_cdc_if.o(.bss.UserTxBufferFS)
    data                                     0x20000e00   Data        4800  main.o(.bss.data)
    gps                                      0x200020c0   Data          36  main.o(.bss.gps)
    hUsbDeviceFS                             0x200020e4   Data         708  usb_device.o(.bss.hUsbDeviceFS)
    hdma_usart2_rx                           0x200023a8   Data          68  usart.o(.bss.hdma_usart2_rx)
    hi2c2                                    0x200023ec   Data          84  i2c.o(.bss.hi2c2)
    hpcd_USB_FS                              0x20002444   Data         748  usbd_conf.o(.bss.hpcd_USB_FS)
    huart2                                   0x20002730   Data          68  usart.o(.bss.huart2)
    output                                   0x20002774   Data         100  main.o(.bss.output)
    rxbuffer                                 0x200027d8   Data        1000  main.o(.bss.rxbuffer)
    uwTick                                   0x20002bc0   Data           4  stm32f1xx_hal.o(.bss.uwTick)
    __initial_sp                             0x20002fc8   Data           0  startup_stm32f103xe.o(STACK)



==============================================================================

Memory Map of the image

  Image Entry point : 0x08000131

  Load Region LR_IROM1 (Base: 0x08000000, Size: 0x00007370, Max: 0x00080000, ABSOLUTE, COMPRESSED[0x000072a8])

    Execution Region ER_IROM1 (Exec base: 0x08000000, Load base: 0x08000000, Size: 0x000071d4, Max: 0x00080000, ABSOLUTE)

    Exec Addr    Load Addr    Size         Type   Attr      Idx    E Section Name        Object

    0x08000000   0x08000000   0x00000130   Data   RO            3    RESET               startup_stm32f103xe.o
    0x08000130   0x08000130   0x00000000   Code   RO         1191  * .ARM.Collect$$$$00000000  mc_w.l(entry.o)
    0x08000130   0x08000130   0x00000004   Code   RO         1483    .ARM.Collect$$$$00000001  mc_w.l(entry2.o)
    0x08000134   0x08000134   0x00000004   Code   RO         1486    .ARM.Collect$$$$00000004  mc_w.l(entry5.o)
    0x08000138   0x08000138   0x00000000   Code   RO         1488    .ARM.Collect$$$$00000008  mc_w.l(entry7b.o)
    0x08000138   0x08000138   0x00000000   Code   RO         1490    .ARM.Collect$$$$0000000A  mc_w.l(entry8b.o)
    0x08000138   0x08000138   0x00000008   Code   RO         1491    .ARM.Collect$$$$0000000B  mc_w.l(entry9a.o)
    0x08000140   0x08000140   0x00000000   Code   RO         1493    .ARM.Collect$$$$0000000D  mc_w.l(entry10a.o)
    0x08000140   0x08000140   0x00000000   Code   RO         1495    .ARM.Collect$$$$0000000F  mc_w.l(entry11a.o)
    0x08000140   0x08000140   0x00000004   Code   RO         1484    .ARM.Collect$$$$00002712  mc_w.l(entry2.o)
    0x08000144   0x08000144   0x00000024   Code   RO            4    .text               startup_stm32f103xe.o
    0x08000168   0x08000168   0x00000024   Code   RO         1194    .text               mc_w.l(strstr.o)
    0x0800018c   0x0800018c   0x00000018   Code   RO         1196    .text               mc_w.l(strncpy.o)
    0x080001a4   0x080001a4   0x00000044   Code   RO         1198    .text               mc_w.l(strtok.o)
    0x080001e8   0x080001e8   0x0000001a   Code   RO         1465    .text               mc_w.l(atoi.o)
    0x08000202   0x08000202   0x000000b0   Code   RO         1467    .text               mf_w.l(fadd.o)
    0x080002b2   0x080002b2   0x0000014e   Code   RO         1469    .text               mf_w.l(dadd.o)
    0x08000400   0x08000400   0x000000e4   Code   RO         1471    .text               mf_w.l(dmul.o)
    0x080004e4   0x080004e4   0x000000de   Code   RO         1473    .text               mf_w.l(ddiv.o)
    0x080005c2   0x080005c2   0x00000012   Code   RO         1475    .text               mf_w.l(fflti.o)
    0x080005d4   0x080005d4   0x00000032   Code   RO         1477    .text               mf_w.l(ffixi.o)
    0x08000606   0x08000606   0x00000026   Code   RO         1479    .text               mf_w.l(f2d.o)
    0x0800062c   0x0800062c   0x00000038   Code   RO         1481    .text               mf_w.l(d2f.o)
    0x08000664   0x08000664   0x0000002c   Code   RO         1511    .text               mc_w.l(uidiv.o)
    0x08000690   0x08000690   0x00000062   Code   RO         1513    .text               mc_w.l(uldiv.o)
    0x080006f2   0x080006f2   0x0000001e   Code   RO         1515    .text               mc_w.l(llshl.o)
    0x08000710   0x08000710   0x00000024   Code   RO         1517    .text               mc_w.l(llsshr.o)
    0x08000734   0x08000734   0x000000a8   Code   RO         1526    .text               mc_w.l(strtod.o)
    0x080007dc   0x080007dc   0x00000070   Code   RO         1528    .text               mc_w.l(strtol.o)
    0x0800084c   0x0800084c   0x00000000   Code   RO         1530    .text               mc_w.l(iusefp.o)
    0x0800084c   0x0800084c   0x0000006e   Code   RO         1531    .text               mf_w.l(fepilogue.o)
    0x080008ba   0x080008ba   0x000000ba   Code   RO         1533    .text               mf_w.l(depilogue.o)
    0x08000974   0x08000974   0x00000030   Code   RO         1535    .text               mf_w.l(dfixul.o)
    0x080009a4   0x080009a4   0x00000030   Code   RO         1537    .text               mf_w.l(cdrcmple.o)
    0x080009d4   0x080009d4   0x00000030   Code   RO         1539    .text               mc_w.l(init.o)
    0x08000a04   0x08000a04   0x00000020   Code   RO         1542    .text               mc_w.l(llushr.o)
    0x08000a24   0x08000a24   0x00000008   Code   RO         1546    .text               mc_w.l(ctype_o.o)
    0x08000a2c   0x08000a2c   0x00000012   Code   RO         1568    .text               mc_w.l(isspace_o.o)
    0x08000a3e   0x08000a3e   0x00000002   PAD
    0x08000a40   0x08000a40   0x00000360   Code   RO         1574    .text               mc_w.l(scanf_fp.o)
    0x08000da0   0x08000da0   0x00000040   Code   RO         1578    .text               mc_w.l(_sgetc.o)
    0x08000de0   0x08000de0   0x0000009e   Code   RO         1580    .text               mc_w.l(_strtoul.o)
    0x08000e7e   0x08000e7e   0x0000001c   Code   RO         1586    .text               mc_w.l(_chval.o)
    0x08000e9a   0x08000e9a   0x00000018   Code   RO         1588    .text               mf_w.l(dfltul.o)
    0x08000eb2   0x08000eb2   0x00000056   Code   RO         1598    .text               mc_w.l(__dczerorl2.o)
    0x08000f08   0x08000f08   0x00000002   Code   RO          119    .text.BusFault_Handler  stm32f1xx_it.o
    0x08000f0a   0x08000f0a   0x00000002   PAD
    0x08000f0c   0x08000f0c   0x00000004   Code   RO          197    .text.CDC_Control_FS  usbd_cdc_if.o
    0x08000f10   0x08000f10   0x00000004   Code   RO          195    .text.CDC_DeInit_FS  usbd_cdc_if.o
    0x08000f14   0x08000f14   0x0000002c   Code   RO          193    .text.CDC_Init_FS   usbd_cdc_if.o
    0x08000f40   0x08000f40   0x0000001c   Code   RO          199    .text.CDC_Receive_FS  usbd_cdc_if.o
    0x08000f5c   0x08000f5c   0x00000036   Code   RO          201    .text.CDC_Transmit_FS  usbd_cdc_if.o
    0x08000f92   0x08000f92   0x00000002   PAD
    0x08000f94   0x08000f94   0x0000000c   Code   RO          137    .text.DMA1_Channel6_IRQHandler  stm32f1xx_it.o
    0x08000fa0   0x08000fa0   0x00000002   Code   RO          125    .text.DebugMon_Handler  stm32f1xx_it.o
    0x08000fa2   0x08000fa2   0x00000002   PAD
    0x08000fa4   0x08000fa4   0x00000006   Code   RO          131    .text.EXTI0_IRQHandler  stm32f1xx_it.o
    0x08000faa   0x08000faa   0x00000002   PAD
    0x08000fac   0x08000fac   0x00000006   Code   RO          133    .text.EXTI3_IRQHandler  stm32f1xx_it.o
    0x08000fb2   0x08000fb2   0x00000002   PAD
    0x08000fb4   0x08000fb4   0x00000006   Code   RO          135    .text.EXTI4_IRQHandler  stm32f1xx_it.o
    0x08000fba   0x08000fba   0x00000002   PAD
    0x08000fbc   0x08000fbc   0x00000002   Code   RO           41    .text.Error_Handler  main.o
    0x08000fbe   0x08000fbe   0x00000002   PAD
    0x08000fc0   0x08000fc0   0x00000046   Code   RO          596    .text.HAL_DMA_Abort  stm32f1xx_hal_dma.o
    0x08001006   0x08001006   0x00000002   PAD
    0x08001008   0x08001008   0x0000012a   Code   RO          598    .text.HAL_DMA_Abort_IT  stm32f1xx_hal_dma.o
    0x08001132   0x08001132   0x00000002   PAD
    0x08001134   0x08001134   0x00000296   Code   RO          602    .text.HAL_DMA_IRQHandler  stm32f1xx_hal_dma.o
    0x080013ca   0x080013ca   0x00000002   PAD
    0x080013cc   0x080013cc   0x0000008c   Code   RO          588    .text.HAL_DMA_Init  stm32f1xx_hal_dma.o
    0x08001458   0x08001458   0x000000a0   Code   RO          594    .text.HAL_DMA_Start_IT  stm32f1xx_hal_dma.o
    0x080014f8   0x080014f8   0x00000028   Code   RO          472    .text.HAL_Delay     stm32f1xx_hal.o
    0x08001520   0x08001520   0x00000026   Code   RO           45    .text.HAL_GPIO_EXTI_Callback  main.o
    0x08001546   0x08001546   0x00000002   PAD
    0x08001548   0x08001548   0x00000016   Code   RO          576    .text.HAL_GPIO_EXTI_IRQHandler  stm32f1xx_hal_gpio.o
    0x0800155e   0x0800155e   0x00000002   PAD
    0x08001560   0x08001560   0x000001e6   Code   RO          564    .text.HAL_GPIO_Init  stm32f1xx_hal_gpio.o
    0x08001746   0x08001746   0x00000002   PAD
    0x08001748   0x08001748   0x0000000c   Code   RO          464    .text.HAL_GetTick   stm32f1xx_hal.o
    0x08001754   0x08001754   0x00000164   Code   RO          785    .text.HAL_I2C_Init  stm32f1xx_hal_i2c.o
    0x080018b8   0x080018b8   0x00000418   Code   RO          793    .text.HAL_I2C_Master_Transmit  stm32f1xx_hal_i2c.o
    0x08001cd0   0x08001cd0   0x0000006c   Code   RO           84    .text.HAL_I2C_MspInit  i2c.o
    0x08001d3c   0x08001d3c   0x0000001a   Code   RO          462    .text.HAL_IncTick   stm32f1xx_hal.o
    0x08001d56   0x08001d56   0x00000002   PAD
    0x08001d58   0x08001d58   0x00000026   Code   RO          452    .text.HAL_Init      stm32f1xx_hal.o
    0x08001d7e   0x08001d7e   0x00000002   PAD
    0x08001d80   0x08001d80   0x00000048   Code   RO          454    .text.HAL_InitTick  stm32f1xx_hal.o
    0x08001dc8   0x08001dc8   0x00000042   Code   RO          148    .text.HAL_MspInit   stm32f1xx_hal_msp.o
    0x08001e0a   0x08001e0a   0x00000002   PAD
    0x08001e0c   0x08001e0c   0x00000022   Code   RO          624    .text.HAL_NVIC_EnableIRQ  stm32f1xx_hal_cortex.o
    0x08001e2e   0x08001e2e   0x00000002   PAD
    0x08001e30   0x08001e30   0x00000056   Code   RO          622    .text.HAL_NVIC_SetPriority  stm32f1xx_hal_cortex.o
    0x08001e86   0x08001e86   0x00000002   PAD
    0x08001e88   0x08001e88   0x00000020   Code   RO          620    .text.HAL_NVIC_SetPriorityGrouping  stm32f1xx_hal_cortex.o
    0x08001ea8   0x08001ea8   0x0000004c   Code   RO          374    .text.HAL_PCDEx_PMAConfig  stm32f1xx_hal_pcd_ex.o
    0x08001ef4   0x08001ef4   0x00000002   Code   RO          274    .text.HAL_PCDEx_SetConnectionState  usbd_conf.o
    0x08001ef6   0x08001ef6   0x00000002   PAD
    0x08001ef8   0x08001ef8   0x00000014   Code   RO          222    .text.HAL_PCD_DataInStageCallback  usbd_conf.o
    0x08001f0c   0x08001f0c   0x00000016   Code   RO          220    .text.HAL_PCD_DataOutStageCallback  usbd_conf.o
    0x08001f22   0x08001f22   0x00000002   PAD
    0x08001f24   0x08001f24   0x00000050   Code   RO          346    .text.HAL_PCD_EP_Close  stm32f1xx_hal_pcd.o
    0x08001f74   0x08001f74   0x00000060   Code   RO          356    .text.HAL_PCD_EP_ClrStall  stm32f1xx_hal_pcd.o
    0x08001fd4   0x08001fd4   0x00000012   Code   RO          350    .text.HAL_PCD_EP_GetRxCount  stm32f1xx_hal_pcd.o
    0x08001fe6   0x08001fe6   0x00000002   PAD
    0x08001fe8   0x08001fe8   0x00000070   Code   RO          344    .text.HAL_PCD_EP_Open  stm32f1xx_hal_pcd.o
    0x08002058   0x08002058   0x00000032   Code   RO          348    .text.HAL_PCD_EP_Receive  stm32f1xx_hal_pcd.o
    0x0800208a   0x0800208a   0x00000002   PAD
    0x0800208c   0x0800208c   0x0000006c   Code   RO          354    .text.HAL_PCD_EP_SetStall  stm32f1xx_hal_pcd.o
    0x080020f8   0x080020f8   0x00000036   Code   RO          352    .text.HAL_PCD_EP_Transmit  stm32f1xx_hal_pcd.o
    0x0800212e   0x0800212e   0x00000002   PAD
    0x08002130   0x08002130   0x00000892   Code   RO          312    .text.HAL_PCD_IRQHandler  stm32f1xx_hal_pcd.o
    0x080029c2   0x080029c2   0x00000002   PAD
    0x080029c4   0x080029c4   0x00000170   Code   RO          300    .text.HAL_PCD_Init  stm32f1xx_hal_pcd.o
    0x08002b34   0x08002b34   0x00000044   Code   RO          214    .text.HAL_PCD_MspInit  usbd_conf.o
    0x08002b78   0x08002b78   0x00000024   Code   RO          226    .text.HAL_PCD_ResetCallback  usbd_conf.o
    0x08002b9c   0x08002b9c   0x00000008   Code   RO          230    .text.HAL_PCD_ResumeCallback  usbd_conf.o
    0x08002ba4   0x08002ba4   0x00000008   Code   RO          224    .text.HAL_PCD_SOFCallback  usbd_conf.o
    0x08002bac   0x08002bac   0x0000002a   Code   RO          316    .text.HAL_PCD_SetAddress  stm32f1xx_hal_pcd.o
    0x08002bd6   0x08002bd6   0x00000002   PAD
    0x08002bd8   0x08002bd8   0x0000000e   Code   RO          218    .text.HAL_PCD_SetupStageCallback  usbd_conf.o
    0x08002be6   0x08002be6   0x00000002   PAD
    0x08002be8   0x08002be8   0x00000034   Code   RO          308    .text.HAL_PCD_Start  stm32f1xx_hal_pcd.o
    0x08002c1c   0x08002c1c   0x00000026   Code   RO          228    .text.HAL_PCD_SuspendCallback  usbd_conf.o
    0x08002c42   0x08002c42   0x00000002   PAD
    0x08002c44   0x08002c44   0x00000102   Code   RO          550    .text.HAL_RCCEx_PeriphCLKConfig  stm32f1xx_hal_rcc_ex.o
    0x08002d46   0x08002d46   0x00000002   PAD
    0x08002d48   0x08002d48   0x000001ba   Code   RO          516    .text.HAL_RCC_ClockConfig  stm32f1xx_hal_rcc.o
    0x08002f02   0x08002f02   0x00000002   PAD
    0x08002f04   0x08002f04   0x00000026   Code   RO          528    .text.HAL_RCC_GetPCLK1Freq  stm32f1xx_hal_rcc.o
    0x08002f2a   0x08002f2a   0x00000002   PAD
    0x08002f2c   0x08002f2c   0x00000026   Code   RO          530    .text.HAL_RCC_GetPCLK2Freq  stm32f1xx_hal_rcc.o
    0x08002f52   0x08002f52   0x00000002   PAD
    0x08002f54   0x08002f54   0x00000400   Code   RO          514    .text.HAL_RCC_OscConfig  stm32f1xx_hal_rcc.o
    0x08003354   0x08003354   0x0000002c   Code   RO          632    .text.HAL_SYSTICK_Config  stm32f1xx_hal_cortex.o
    0x08003380   0x08003380   0x00000002   Code   RO         1003    .text.HAL_UARTEx_RxEventCallback  stm32f1xx_hal_uart.o
    0x08003382   0x08003382   0x00000002   PAD
    0x08003384   0x08003384   0x00000084   Code   RO          961    .text.HAL_UART_DMAStop  stm32f1xx_hal_uart.o
    0x08003408   0x08003408   0x00000002   Code   RO         1001    .text.HAL_UART_ErrorCallback  stm32f1xx_hal_uart.o
    0x0800340a   0x0800340a   0x00000002   PAD
    0x0800340c   0x0800340c   0x00000274   Code   RO          995    .text.HAL_UART_IRQHandler  stm32f1xx_hal_uart.o
    0x08003680   0x08003680   0x000000e0   Code   RO          921    .text.HAL_UART_Init  stm32f1xx_hal_uart.o
    0x08003760   0x08003760   0x000000c2   Code   RO           99    .text.HAL_UART_MspInit  usart.o
    0x08003822   0x08003822   0x00000002   PAD
    0x08003824   0x08003824   0x000000c8   Code   RO          953    .text.HAL_UART_Receive_DMA  stm32f1xx_hal_uart.o
    0x080038ec   0x080038ec   0x00000002   Code   RO         1009    .text.HAL_UART_RxCpltCallback  stm32f1xx_hal_uart.o
    0x080038ee   0x080038ee   0x00000002   PAD
    0x080038f0   0x080038f0   0x00000002   Code   RO         1011    .text.HAL_UART_RxHalfCpltCallback  stm32f1xx_hal_uart.o
    0x080038f2   0x080038f2   0x00000002   PAD
    0x080038f4   0x080038f4   0x00000002   Code   RO         1005    .text.HAL_UART_TxCpltCallback  stm32f1xx_hal_uart.o
    0x080038f6   0x080038f6   0x00000002   PAD
    0x080038f8   0x080038f8   0x00000002   Code   RO          115    .text.HardFault_Handler  stm32f1xx_it.o
    0x080038fa   0x080038fa   0x00000002   PAD
    0x080038fc   0x080038fc   0x00000012   Code   RO           23    .text.LCD_Backlight  lcd_i2c.o
    0x0800390e   0x0800390e   0x00000002   PAD
    0x08003910   0x08003910   0x00000012   Code   RO           15    .text.LCD_Clear     lcd_i2c.o
    0x08003922   0x08003922   0x00000002   PAD
    0x08003924   0x08003924   0x00000044   Code   RO           25    .text.LCD_CreateCustomChar  lcd_i2c.o
    0x08003968   0x08003968   0x0000022e   Code   RO           13    .text.LCD_Init      lcd_i2c.o
    0x08003b96   0x08003b96   0x00000002   PAD
    0x08003b98   0x08003b98   0x0000012e   Code   RO           11    .text.LCD_SendCommand  lcd_i2c.o
    0x08003cc6   0x08003cc6   0x00000002   PAD
    0x08003cc8   0x08003cc8   0x00000014   Code   RO           21    .text.LCD_SetCursor  lcd_i2c.o
    0x08003cdc   0x08003cdc   0x00000114   Code   RO           17    .text.LCD_WriteChar  lcd_i2c.o
    0x08003df0   0x08003df0   0x00000020   Code   RO           19    .text.LCD_WriteString  lcd_i2c.o
    0x08003e10   0x08003e10   0x00000034   Code   RO           73    .text.MX_DMA_Init   dma.o
    0x08003e44   0x08003e44   0x000000b2   Code   RO           65    .text.MX_GPIO_Init  gpio.o
    0x08003ef6   0x08003ef6   0x00000002   PAD
    0x08003ef8   0x08003ef8   0x00000042   Code   RO           82    .text.MX_I2C2_Init  i2c.o
    0x08003f3a   0x08003f3a   0x00000002   PAD
    0x08003f3c   0x08003f3c   0x0000003c   Code   RO           97    .text.MX_USART2_UART_Init  usart.o
    0x08003f78   0x08003f78   0x00000072   Code   RO          157    .text.MX_USB_DEVICE_Init  usb_device.o
    0x08003fea   0x08003fea   0x00000002   PAD
    0x08003fec   0x08003fec   0x00000002   Code   RO          117    .text.MemManage_Handler  stm32f1xx_it.o
    0x08003fee   0x08003fee   0x00000002   PAD
    0x08003ff0   0x08003ff0   0x00000002   Code   RO          113    .text.NMI_Handler   stm32f1xx_it.o
    0x08003ff2   0x08003ff2   0x00000002   PAD
    0x08003ff4   0x08003ff4   0x00000002   Code   RO          127    .text.PendSV_Handler  stm32f1xx_it.o
    0x08003ff6   0x08003ff6   0x00000002   PAD
    0x08003ff8   0x08003ff8   0x00000002   Code   RO          123    .text.SVC_Handler   stm32f1xx_it.o
    0x08003ffa   0x08003ffa   0x00000002   PAD
    0x08003ffc   0x08003ffc   0x00000004   Code   RO          129    .text.SysTick_Handler  stm32f1xx_it.o
    0x08004000   0x08004000   0x00000002   Code   RO         1039    .text.SystemInit    system_stm32f1xx.o
    0x08004002   0x08004002   0x00000002   PAD
    0x08004004   0x08004004   0x0000000c   Code   RO          999    .text.UART_DMAAbortOnError  stm32f1xx_hal_uart.o
    0x08004010   0x08004010   0x0000006c   Code   RO          951    .text.UART_DMAError  stm32f1xx_hal_uart.o
    0x0800407c   0x0800407c   0x0000004c   Code   RO         1027    .text.UART_DMAReceiveCplt  stm32f1xx_hal_uart.o
    0x080040c8   0x080040c8   0x00000014   Code   RO         1029    .text.UART_DMARxHalfCplt  stm32f1xx_hal_uart.o
    0x080040dc   0x080040dc   0x000000b4   Code   RO          997    .text.UART_Receive_IT  stm32f1xx_hal_uart.o
    0x08004190   0x08004190   0x00000060   Code   RO           43    .text.USART2_IRQHandler  main.o
    0x080041f0   0x080041f0   0x00000050   Code   RO         1153    .text.USBD_CDC_DataIn  usbd_cdc.o
    0x08004240   0x08004240   0x00000030   Code   RO         1155    .text.USBD_CDC_DataOut  usbd_cdc.o
    0x08004270   0x08004270   0x00000042   Code   RO         1147    .text.USBD_CDC_DeInit  usbd_cdc.o
    0x080042b2   0x080042b2   0x00000002   PAD
    0x080042b4   0x080042b4   0x0000002c   Code   RO         1151    .text.USBD_CDC_EP0_RxReady  usbd_cdc.o
    0x080042e0   0x080042e0   0x00000010   Code   RO         1163    .text.USBD_CDC_GetDeviceQualifierDescriptor  usbd_cdc.o
    0x080042f0   0x080042f0   0x00000010   Code   RO         1159    .text.USBD_CDC_GetFSCfgDesc  usbd_cdc.o
    0x08004300   0x08004300   0x00000010   Code   RO         1157    .text.USBD_CDC_GetHSCfgDesc  usbd_cdc.o
    0x08004310   0x08004310   0x00000010   Code   RO         1161    .text.USBD_CDC_GetOtherSpeedCfgDesc  usbd_cdc.o
    0x08004320   0x08004320   0x00000082   Code   RO         1145    .text.USBD_CDC_Init  usbd_cdc.o
    0x080043a2   0x080043a2   0x00000002   PAD
    0x080043a4   0x080043a4   0x0000002c   Code   RO         1173    .text.USBD_CDC_ReceivePacket  usbd_cdc.o
    0x080043d0   0x080043d0   0x0000000e   Code   RO         1165    .text.USBD_CDC_RegisterInterface  usbd_cdc.o
    0x080043de   0x080043de   0x00000002   PAD
    0x080043e0   0x080043e0   0x0000000c   Code   RO         1169    .text.USBD_CDC_SetRxBuffer  usbd_cdc.o
    0x080043ec   0x080043ec   0x00000010   Code   RO         1167    .text.USBD_CDC_SetTxBuffer  usbd_cdc.o
    0x080043fc   0x080043fc   0x000000c6   Code   RO         1149    .text.USBD_CDC_Setup  usbd_cdc.o
    0x080044c2   0x080044c2   0x00000002   PAD
    0x080044c4   0x080044c4   0x0000003e   Code   RO         1171    .text.USBD_CDC_TransmitPacket  usbd_cdc.o
    0x08004502   0x08004502   0x00000002   PAD
    0x08004504   0x08004504   0x0000000e   Code   RO         1068    .text.USBD_ClrClassConfig  usbd_core.o
    0x08004512   0x08004512   0x00000002   PAD
    0x08004514   0x08004514   0x00000010   Code   RO         1129    .text.USBD_CtlContinueRx  usbd_ioreq.o
    0x08004524   0x08004524   0x00000010   Code   RO         1125    .text.USBD_CtlContinueSendData  usbd_ioreq.o
    0x08004534   0x08004534   0x00000016   Code   RO         1104    .text.USBD_CtlError  usbd_ctlreq.o
    0x0800454a   0x0800454a   0x00000002   PAD
    0x0800454c   0x0800454c   0x0000001a   Code   RO         1127    .text.USBD_CtlPrepareRx  usbd_ioreq.o
    0x08004566   0x08004566   0x00000002   PAD
    0x08004568   0x08004568   0x00000016   Code   RO         1133    .text.USBD_CtlReceiveStatus  usbd_ioreq.o
    0x0800457e   0x0800457e   0x00000002   PAD
    0x08004580   0x08004580   0x0000001a   Code   RO         1123    .text.USBD_CtlSendData  usbd_ioreq.o
    0x0800459a   0x0800459a   0x00000002   PAD
    0x0800459c   0x0800459c   0x00000016   Code   RO         1131    .text.USBD_CtlSendStatus  usbd_ioreq.o
    0x080045b2   0x080045b2   0x00000002   PAD
    0x080045b4   0x080045b4   0x00000024   Code   RO          176    .text.USBD_FS_ConfigStrDescriptor  usbd_desc.o
    0x080045d8   0x080045d8   0x0000000e   Code   RO          166    .text.USBD_FS_DeviceDescriptor  usbd_desc.o
    0x080045e6   0x080045e6   0x00000002   PAD
    0x080045e8   0x080045e8   0x00000028   Code   RO          178    .text.USBD_FS_InterfaceStrDescriptor  usbd_desc.o
    0x08004610   0x08004610   0x0000000e   Code   RO          168    .text.USBD_FS_LangIDStrDescriptor  usbd_desc.o
    0x0800461e   0x0800461e   0x00000002   PAD
    0x08004620   0x08004620   0x0000002c   Code   RO          170    .text.USBD_FS_ManufacturerStrDescriptor  usbd_desc.o
    0x0800464c   0x0800464c   0x00000030   Code   RO          172    .text.USBD_FS_ProductStrDescriptor  usbd_desc.o
    0x0800467c   0x0800467c   0x00000170   Code   RO          174    .text.USBD_FS_SerialStrDescriptor  usbd_desc.o
    0x080047ec   0x080047ec   0x000000d2   Code   RO         1112    .text.USBD_GetString  usbd_ctlreq.o
    0x080048be   0x080048be   0x00000002   PAD
    0x080048c0   0x080048c0   0x00000030   Code   RO         1054    .text.USBD_Init     usbd_core.o
    0x080048f0   0x080048f0   0x00000022   Code   RO          256    .text.USBD_LL_ClearStallEP  usbd_conf.o
    0x08004912   0x08004912   0x00000002   PAD
    0x08004914   0x08004914   0x00000022   Code   RO          250    .text.USBD_LL_CloseEP  usbd_conf.o
    0x08004936   0x08004936   0x00000002   PAD
    0x08004938   0x08004938   0x000000ca   Code   RO         1074    .text.USBD_LL_DataInStage  usbd_core.o
    0x08004a02   0x08004a02   0x00000002   PAD
    0x08004a04   0x08004a04   0x0000007c   Code   RO         1072    .text.USBD_LL_DataOutStage  usbd_core.o
    0x08004a80   0x08004a80   0x00000008   Code   RO          266    .text.USBD_LL_GetRxDataSize  usbd_conf.o
    0x08004a88   0x08004a88   0x00000086   Code   RO          240    .text.USBD_LL_Init  usbd_conf.o
    0x08004b0e   0x08004b0e   0x00000002   PAD
    0x08004b10   0x08004b10   0x0000002a   Code   RO          258    .text.USBD_LL_IsStallEP  usbd_conf.o
    0x08004b3a   0x08004b3a   0x00000002   PAD
    0x08004b3c   0x08004b3c   0x00000028   Code   RO          248    .text.USBD_LL_OpenEP  usbd_conf.o
    0x08004b64   0x08004b64   0x00000022   Code   RO          264    .text.USBD_LL_PrepareReceive  usbd_conf.o
    0x08004b86   0x08004b86   0x00000002   PAD
    0x08004b88   0x08004b88   0x00000054   Code   RO         1076    .text.USBD_LL_Reset  usbd_core.o
    0x08004bdc   0x08004bdc   0x00000014   Code   RO         1082    .text.USBD_LL_Resume  usbd_core.o
    0x08004bf0   0x08004bf0   0x0000001c   Code   RO         1084    .text.USBD_LL_SOF   usbd_core.o
    0x08004c0c   0x08004c0c   0x00000008   Code   RO         1078    .text.USBD_LL_SetSpeed  usbd_core.o
    0x08004c14   0x08004c14   0x00000022   Code   RO          260    .text.USBD_LL_SetUSBAddress  usbd_conf.o
    0x08004c36   0x08004c36   0x00000002   PAD
    0x08004c38   0x08004c38   0x0000005c   Code   RO         1070    .text.USBD_LL_SetupStage  usbd_core.o
    0x08004c94   0x08004c94   0x00000022   Code   RO          254    .text.USBD_LL_StallEP  usbd_conf.o
    0x08004cb6   0x08004cb6   0x00000002   PAD
    0x08004cb8   0x08004cb8   0x00000022   Code   RO          244    .text.USBD_LL_Start  usbd_conf.o
    0x08004cda   0x08004cda   0x00000002   PAD
    0x08004cdc   0x08004cdc   0x00000014   Code   RO         1080    .text.USBD_LL_Suspend  usbd_core.o
    0x08004cf0   0x08004cf0   0x00000022   Code   RO          262    .text.USBD_LL_Transmit  usbd_conf.o
    0x08004d12   0x08004d12   0x00000002   PAD
    0x08004d14   0x08004d14   0x00000016   Code   RO         1110    .text.USBD_ParseSetupRequest  usbd_ctlreq.o
    0x08004d2a   0x08004d2a   0x00000002   PAD
    0x08004d2c   0x08004d2c   0x0000000e   Code   RO         1058    .text.USBD_RegisterClass  usbd_core.o
    0x08004d3a   0x08004d3a   0x00000002   PAD
    0x08004d3c   0x08004d3c   0x0000001c   Code   RO         1066    .text.USBD_SetClassConfig  usbd_core.o
    0x08004d58   0x08004d58   0x0000000a   Code   RO         1060    .text.USBD_Start    usbd_core.o
    0x08004d62   0x08004d62   0x00000002   PAD
    0x08004d64   0x08004d64   0x000002ea   Code   RO         1102    .text.USBD_StdDevReq  usbd_ctlreq.o
    0x0800504e   0x0800504e   0x00000002   PAD
    0x08005050   0x08005050   0x00000148   Code   RO         1108    .text.USBD_StdEPReq  usbd_ctlreq.o
    0x08005198   0x08005198   0x00000054   Code   RO         1106    .text.USBD_StdItfReq  usbd_ctlreq.o
    0x080051ec   0x080051ec   0x00000002   Code   RO          272    .text.USBD_static_free  usbd_conf.o
    0x080051ee   0x080051ee   0x00000002   PAD
    0x080051f0   0x080051f0   0x0000000a   Code   RO          270    .text.USBD_static_malloc  usbd_conf.o
    0x080051fa   0x080051fa   0x00000002   PAD
    0x080051fc   0x080051fc   0x00000264   Code   RO          404    .text.USB_ActivateEndpoint  stm32f1xx_ll_usb.o
    0x08005460   0x08005460   0x00000004   Code   RO          390    .text.USB_CoreInit  stm32f1xx_ll_usb.o
    0x08005464   0x08005464   0x000000de   Code   RO          406    .text.USB_DeactivateEndpoint  stm32f1xx_ll_usb.o
    0x08005542   0x08005542   0x00000002   PAD
    0x08005544   0x08005544   0x00000004   Code   RO          420    .text.USB_DevConnect  stm32f1xx_ll_usb.o
    0x08005548   0x08005548   0x00000004   Code   RO          422    .text.USB_DevDisconnect  stm32f1xx_ll_usb.o
    0x0800554c   0x0800554c   0x0000001a   Code   RO          398    .text.USB_DevInit   stm32f1xx_ll_usb.o
    0x08005566   0x08005566   0x00000002   PAD
    0x08005568   0x08005568   0x00000014   Code   RO          394    .text.USB_DisableGlobalInt  stm32f1xx_ll_usb.o
    0x0800557c   0x0800557c   0x00000004   Code   RO          436    .text.USB_EP0_OutStart  stm32f1xx_ll_usb.o
    0x08005580   0x08005580   0x00000074   Code   RO          414    .text.USB_EPClearStall  stm32f1xx_ll_usb.o
    0x080055f4   0x080055f4   0x00000032   Code   RO          412    .text.USB_EPSetStall  stm32f1xx_ll_usb.o
    0x08005626   0x08005626   0x00000002   PAD
    0x08005628   0x08005628   0x00000966   Code   RO          408    .text.USB_EPStartXfer  stm32f1xx_ll_usb.o
    0x08005f8e   0x08005f8e   0x00000002   PAD
    0x08005f90   0x08005f90   0x00000012   Code   RO          392    .text.USB_EnableGlobalInt  stm32f1xx_ll_usb.o
    0x08005fa2   0x08005fa2   0x00000002   PAD
    0x08005fa4   0x08005fa4   0x0000000c   Code   RO          139    .text.USB_LP_CAN1_RX0_IRQHandler  stm32f1xx_it.o
    0x08005fb0   0x08005fb0   0x00000006   Code   RO          424    .text.USB_ReadInterrupts  stm32f1xx_ll_usb.o
    0x08005fb6   0x08005fb6   0x00000002   PAD
    0x08005fb8   0x08005fb8   0x000000b4   Code   RO          442    .text.USB_ReadPMA   stm32f1xx_ll_usb.o
    0x0800606c   0x0800606c   0x00000004   Code   RO          396    .text.USB_SetCurrentMode  stm32f1xx_ll_usb.o
    0x08006070   0x08006070   0x0000000e   Code   RO          418    .text.USB_SetDevAddress  stm32f1xx_ll_usb.o
    0x0800607e   0x0800607e   0x00000002   PAD
    0x08006080   0x08006080   0x0000009a   Code   RO          410    .text.USB_WritePMA  stm32f1xx_ll_usb.o
    0x0800611a   0x0800611a   0x00000002   PAD
    0x0800611c   0x0800611c   0x00000002   Code   RO          121    .text.UsageFault_Handler  stm32f1xx_it.o
    0x0800611e   0x0800611e   0x00000002   PAD
    0x08006120   0x08006120   0x00000654   Code   RO           37    .text.main          main.o
    0x08006774   0x08006774   0x00000034   Code   RO         1438    i.__0snprintf       mc_w.l(printfa.o)
    0x080067a8   0x080067a8   0x00000008   Code   RO         1519    i.__aeabi_errno_addr  mc_w.l(errno.o)
    0x080067b0   0x080067b0   0x0000000c   Code   RO         1520    i.__read_errno      mc_w.l(errno.o)
    0x080067bc   0x080067bc   0x0000000e   Code   RO         1592    i.__scatterload_copy  mc_w.l(handlers.o)
    0x080067ca   0x080067ca   0x00000002   Code   RO         1593    i.__scatterload_null  mc_w.l(handlers.o)
    0x080067cc   0x080067cc   0x0000000e   Code   RO         1594    i.__scatterload_zeroinit  mc_w.l(handlers.o)
    0x080067da   0x080067da   0x00000002   PAD
    0x080067dc   0x080067dc   0x0000000c   Code   RO         1521    i.__set_errno       mc_w.l(errno.o)
    0x080067e8   0x080067e8   0x00000184   Code   RO         1444    i._fp_digits        mc_w.l(printfa.o)
    0x0800696c   0x0800696c   0x0000000e   Code   RO         1576    i._is_digit         mc_w.l(scanf_fp.o)
    0x0800697a   0x0800697a   0x00000002   PAD
    0x0800697c   0x0800697c   0x000006dc   Code   RO         1445    i._printf_core      mc_w.l(printfa.o)
    0x08007058   0x08007058   0x00000024   Code   RO         1446    i._printf_post_padding  mc_w.l(printfa.o)
    0x0800707c   0x0800707c   0x0000002e   Code   RO         1447    i._printf_pre_padding  mc_w.l(printfa.o)
    0x080070aa   0x080070aa   0x00000016   Code   RO         1448    i._snputc           mc_w.l(printfa.o)
    0x080070c0   0x080070c0   0x0000002c   Code   RO         1188    i.atof              m_ws.l(atof.o)
    0x080070ec   0x080070ec   0x00000081   Data   RO         1547    .constdata          mc_w.l(ctype_o.o)
    0x0800716d   0x0800716d   0x00000003   PAD
    0x08007170   0x08007170   0x00000004   Data   RO         1548    .constdata          mc_w.l(ctype_o.o)
    0x08007174   0x08007174   0x00000002   Data   RO          541    .rodata..L__const.HAL_RCC_GetSysClockFreq.aPredivFactorTable  stm32f1xx_hal_rcc.o
    0x08007176   0x08007176   0x00000010   Data   RO         1044    .rodata.AHBPrescTable  system_stm32f1xx.o
    0x08007186   0x08007186   0x00000008   Data   RO         1045    .rodata.APBPrescTable  system_stm32f1xx.o
    0x0800718e   0x0800718e   0x00000010   Data   RO          540    .rodata.cst16       stm32f1xx_hal_rcc.o
    0x0800719e   0x0800719e   0x00000003   Data   RO           47    .rodata.delimiter   main.o
    0x080071a1   0x080071a1   0x00000010   Data   RO           49    .rodata.str1.1      main.o
    0x080071b1   0x080071b1   0x00000003   PAD
    0x080071b4   0x080071b4   0x00000020   Data   RO         1591    Region$$Table       anon$$obj.o


    Execution Region RW_IRAM1 (Exec base: 0x20000000, Load base: 0x080071d8, Size: 0x00002fc8, Max: 0x00010000, ABSOLUTE, COMPRESSED[0x000000d0])

    Exec Addr    Load Addr    Size         Type   Attr      Idx    E Section Name        Object

    0x20000000   COMPRESSED   0x00000004   Data   RW         1199    .data               mc_w.l(strtok.o)
    0x20000004   COMPRESSED   0x00000004   Data   RW         1522    .data               mc_w.l(errno.o)
    0x20000008   COMPRESSED   0x00000011   Data   RW           55    .data..L_MergedGlobals  main.o
    0x20000019   COMPRESSED   0x00000003   PAD
    0x2000001c   COMPRESSED   0x00000008   Data   RW          503    .data..L_MergedGlobals  stm32f1xx_hal.o
    0x20000024   COMPRESSED   0x0000001c   Data   RW          180    .data.FS_Desc       usbd_desc.o
    0x20000040   COMPRESSED   0x00000004   Data   RW         1043    .data.SystemCoreClock  system_stm32f1xx.o
    0x20000044   COMPRESSED   0x00000038   Data   RW         1175    .data.USBD_CDC      usbd_cdc.o
    0x2000007c   COMPRESSED   0x00000043   Data   RW         1177    .data.USBD_CDC_CfgFSDesc  usbd_cdc.o
    0x200000bf   COMPRESSED   0x00000001   PAD
    0x200000c0   COMPRESSED   0x00000043   Data   RW         1176    .data.USBD_CDC_CfgHSDesc  usbd_cdc.o
    0x20000103   COMPRESSED   0x00000001   PAD
    0x20000104   COMPRESSED   0x0000000a   Data   RW         1179    .data.USBD_CDC_DeviceQualifierDesc  usbd_cdc.o
    0x2000010e   COMPRESSED   0x00000002   PAD
    0x20000110   COMPRESSED   0x00000043   Data   RW         1178    .data.USBD_CDC_OtherSpeedCfgDesc  usbd_cdc.o
    0x20000153   COMPRESSED   0x00000001   PAD
    0x20000154   COMPRESSED   0x00000012   Data   RW          181    .data.USBD_FS_DeviceDesc  usbd_desc.o
    0x20000166   COMPRESSED   0x00000002   PAD
    0x20000168   COMPRESSED   0x00000010   Data   RW          203    .data.USBD_Interface_fops_FS  usbd_cdc_if.o
    0x20000178   COMPRESSED   0x00000004   Data   RW          182    .data.USBD_LangIDDesc  usbd_desc.o
    0x2000017c   COMPRESSED   0x0000001a   Data   RW          183    .data.USBD_StringSerial  usbd_desc.o
    0x20000196   COMPRESSED   0x00000001   Data   RW           28    .data.backlight_state  lcd_i2c.o
    0x20000197   COMPRESSED   0x00000001   PAD
    0x20000198        -       0x00000074   Zero   RW           56    .bss..L_MergedGlobals.14  main.o
    0x2000020c        -       0x00000001   Zero   RW         1114    .bss.USBD_SetConfig.cfgidx  usbd_ctlreq.o
    0x2000020d   COMPRESSED   0x00000003   PAD
    0x20000210        -       0x00000200   Zero   RW          184    .bss.USBD_StrDesc   usbd_desc.o
    0x20000410        -       0x00000220   Zero   RW          277    .bss.USBD_static_malloc.mem  usbd_conf.o
    0x20000630        -       0x000003e8   Zero   RW          204    .bss.UserRxBufferFS  usbd_cdc_if.o
    0x20000a18        -       0x000003e8   Zero   RW          205    .bss.UserTxBufferFS  usbd_cdc_if.o
    0x20000e00        -       0x000012c0   Zero   RW           52    .bss.data           main.o
    0x200020c0        -       0x00000024   Zero   RW           50    .bss.gps            main.o
    0x200020e4        -       0x000002c4   Zero   RW          159    .bss.hUsbDeviceFS   usb_device.o
    0x200023a8        -       0x00000044   Zero   RW          104    .bss.hdma_usart2_rx  usart.o
    0x200023ec        -       0x00000054   Zero   RW           88    .bss.hi2c2          i2c.o
    0x20002440        -       0x00000004   Zero   RW           27    .bss.hi2c_dev       lcd_i2c.o
    0x20002444        -       0x000002ec   Zero   RW          276    .bss.hpcd_USB_FS    usbd_conf.o
    0x20002730        -       0x00000044   Zero   RW          103    .bss.huart2         usart.o
    0x20002774        -       0x00000064   Zero   RW           51    .bss.output         main.o
    0x200027d8        -       0x000003e8   Zero   RW           48    .bss.rxbuffer       main.o
    0x20002bc0        -       0x00000004   Zero   RW          502    .bss.uwTick         stm32f1xx_hal.o
    0x20002bc4   COMPRESSED   0x00000004   PAD
    0x20002bc8        -       0x00000400   Zero   RW            1    STACK               startup_stm32f103xe.o


==============================================================================

Image component sizes


      Code (inc. data)   RO Data    RW Data    ZI Data      Debug   Object Name

        52          0          0          0          0       2477   dma.o
       178          0          0          0          0       2791   gpio.o
       174          0          0          0         84       4436   i2c.o
      1292          4          0          1          4       7492   lcd_i2c.o
      1756        124         19         17       6052       8948   main.o
        36          8        304          0       1024        756   startup_stm32f103xe.o
       188          0          0          8          4       6062   stm32f1xx_hal.o
       196          0          0          0          0       8717   stm32f1xx_hal_cortex.o
      1330          0          0          0          0       8735   stm32f1xx_hal_dma.o
       508         22          0          0          0       4642   stm32f1xx_hal_gpio.o
      1404          0          0          0          0      55303   stm32f1xx_hal_i2c.o
        66          0          0          0          0       1174   stm32f1xx_hal_msp.o
      3174          0          0          0          0      15601   stm32f1xx_hal_pcd.o
        76          0          0          0          0       4116   stm32f1xx_hal_pcd_ex.o
      1542          0         18          0          0       8031   stm32f1xx_hal_rcc.o
       258          0          0          0          0       3791   stm32f1xx_hal_rcc_ex.o
      1590          0          0          0          0      24071   stm32f1xx_hal_uart.o
        62          0          0          0          0       5161   stm32f1xx_it.o
      3844          6          0          0          0      25051   stm32f1xx_ll_usb.o
         2          0         24          4          0       1551   system_stm32f1xx.o
       254          0          0          0        136       5717   usart.o
       114          0          0          0        708       2891   usb_device.o
       778          0          0        267          0      10149   usbd_cdc.o
       134          0          0         16       2000       4377   usbd_cdc_if.o
       690          0          0          0       1292      16439   usbd_conf.o
       692          0          0          0          0       7900   usbd_core.o
      1412         40          0          0          1       9187   usbd_ctlreq.o
       564         72          0         76        512       4118   usbd_desc.o
       128          0          0          0          0       4391   usbd_ioreq.o

    ----------------------------------------------------------------------
     22672        276        400        400      11824     264075   Object Totals
         0          0         32          0          0          0   (incl. Generated)
       178          0          3         11          7          0   (incl. Padding)

    ----------------------------------------------------------------------

      Code (inc. data)   RO Data    RW Data    ZI Data      Debug   Library Member Name

        44          0          0          0          0         84   atof.o
        86          0          0          0          0          0   __dczerorl2.o
        28          0          0          0          0         68   _chval.o
        64          0          0          0          0         84   _sgetc.o
       158          0          0          0          0         92   _strtoul.o
        26          0          0          0          0         80   atoi.o
         8          4        133          0          0         68   ctype_o.o
         0          0          0          0          0          0   entry.o
         0          0          0          0          0          0   entry10a.o
         0          0          0          0          0          0   entry11a.o
         8          4          0          0          0          0   entry2.o
         4          0          0          0          0          0   entry5.o
         0          0          0          0          0          0   entry7b.o
         0          0          0          0          0          0   entry8b.o
         8          4          0          0          0          0   entry9a.o
        32         16          0          4          0        204   errno.o
        30          0          0          0          0          0   handlers.o
        48         10          0          0          0         68   init.o
        18          0          0          0          0         76   isspace_o.o
         0          0          0          0          0          0   iusefp.o
        30          0          0          0          0         68   llshl.o
        36          0          0          0          0         68   llsshr.o
        32          0          0          0          0         68   llushr.o
      2300         84          0          0          0        524   printfa.o
       878         12          0          0          0        216   scanf_fp.o
        24          0          0          0          0         76   strncpy.o
        36          0          0          0          0         80   strstr.o
       168         12          0          0          0        124   strtod.o
        68          6          0          4          0         80   strtok.o
       112          0          0          0          0         88   strtol.o
        44          0          0          0          0         80   uidiv.o
        98          0          0          0          0         92   uldiv.o
        48          0          0          0          0         68   cdrcmple.o
        56          0          0          0          0         88   d2f.o
       334          0          0          0          0        148   dadd.o
       222          0          0          0          0        100   ddiv.o
       186          0          0          0          0        176   depilogue.o
        48          0          0          0          0         68   dfixul.o
        24          0          0          0          0         76   dfltul.o
       228          0          0          0          0         96   dmul.o
        38          0          0          0          0         68   f2d.o
       176          0          0          0          0        140   fadd.o
       110          0          0          0          0        168   fepilogue.o
        50          0          0          0          0         68   ffixi.o
        18          0          0          0          0         68   fflti.o

    ----------------------------------------------------------------------
      5932        152        136          8          0       3720   Library Totals
         6          0          3          0          0          0   (incl. Padding)

    ----------------------------------------------------------------------

      Code (inc. data)   RO Data    RW Data    ZI Data      Debug   Library Name

        44          0          0          0          0         84   m_ws.l
      4344        152        133          8          0       2304   mc_w.l
      1538          0          0          0          0       1332   mf_w.l

    ----------------------------------------------------------------------
      5932        152        136          8          0       3720   Library Totals

    ----------------------------------------------------------------------

==============================================================================


      Code (inc. data)   RO Data    RW Data    ZI Data      Debug   

     28604        428        536        408      11824     265511   Grand Totals
     28604        428        536        208      11824     265511   ELF Image Totals (compressed)
     28604        428        536        208          0          0   ROM Totals

==============================================================================

    Total RO  Size (Code + RO Data)                29140 (  28.46kB)
    Total RW  Size (RW Data + ZI Data)             12232 (  11.95kB)
    Total ROM Size (Code + RO Data + RW Data)      29348 (  28.66kB)

==============================================================================

